#
# There is insufficient memory for the Java Runtime Environment to continue.
# Native memory allocation (mmap) failed to map 964689920 bytes. Error detail: G1 virtual space
# Possible reasons:
#   The system is out of physical RAM or swap space
#   This process is running with CompressedOops enabled, and the Java Heap may be blocking the growth of the native heap
# Possible solutions:
#   Reduce memory load on the system
#   Increase physical memory or swap space
#   Check if swap backing store is full
#   Decrease Java heap size (-Xmx/-Xms)
#   Decrease number of Java threads
#   Decrease Java thread stack sizes (-Xss)
#   Set larger code cache with -XX:ReservedCodeCacheSize=
#   JVM is running with Zero Based Compressed Oops mode in which the Java heap is
#     placed in the first 32GB address space. The Java Heap base address is the
#     maximum limit for the native heap growth. Please use -XX:HeapBaseMinAddress
#     to set the Java Heap base and to place the Java Heap above 32GB virtual address.
# This output file may be truncated or incomplete.
#
#  Out of Memory Error (os_windows.cpp:3630), pid=8672, tid=4124
#
# JRE version: OpenJDK Runtime Environment Temurin-17.0.20.1+1 (17.0.20.1+1) (build 17.0.20.1+1)
# Java VM: OpenJDK 64-Bit Server VM Temurin-17.0.20.1+1 (17.0.20.1+1, mixed mode, sharing, tiered, compressed oops, compressed class ptrs, g1 gc, windows-amd64)
# No core dump will be written. Minidumps are not enabled by default on client versions of Windows
#

---------------  S U M M A R Y ------------

Command Line: -XX:MaxMetaspaceSize=4G -XX:ReservedCodeCacheSize=512m -XX:+HeapDumpOnOutOfMemoryError --add-opens=java.base/java.util=ALL-UNNAMED --add-opens=java.base/java.lang=ALL-UNNAMED --add-opens=java.base/java.lang.invoke=ALL-UNNAMED --add-opens=java.prefs/java.util.prefs=ALL-UNNAMED --add-exports=jdk.compiler/com.sun.tools.javac.api=ALL-UNNAMED --add-exports=jdk.compiler/com.sun.tools.javac.util=ALL-UNNAMED --add-opens=java.base/java.nio.charset=ALL-UNNAMED --add-opens=java.base/java.net=ALL-UNNAMED --add-opens=java.base/java.util.concurrent.atomic=ALL-UNNAMED -Xmx8G -Dfile.encoding=utf8 -Duser.country=US -Duser.language=en -Duser.variant -javaagent:C:\Users\Administrator\.gradle\wrapper\dists\gradle-8.9-bin\90cnw93cvbtalezasaz0blq0a\gradle-8.9\lib\agents\gradle-instrumentation-agent-8.9.jar org.gradle.launcher.daemon.bootstrap.GradleDaemon 8.9

Host: Intel(R) Pentium(R) Silver N5000 CPU @ 1.10GHz, 4 cores, 3G,  Windows 11 , 64 bit Build 26100 (10.0.26100.9444)
Time: Mon Sep 21 13:05:50 2026 E. Africa Standard Time elapsed time: 375.699528 seconds (0d 0h 6m 15s)

---------------  T H R E A D  ---------------

Current thread (0x000001b478e9ebb0):  VMThread "VM Thread" [stack: 0x000000474ca00000,0x000000474cb00000] [id=4124]

Stack: [0x000000474ca00000,0x000000474cb00000]
Native frames: (J=compiled Java code, j=interpreted, Vv=VM code, C=native code)
V  [jvm.dll+0x684d39]
V  [jvm.dll+0x83a565]
V  [jvm.dll+0x83bfde]
V  [jvm.dll+0x83c663]
V  [jvm.dll+0x2490cf]
V  [jvm.dll+0x681af9]
V  [jvm.dll+0x6768ba]
V  [jvm.dll+0x309467]
V  [jvm.dll+0x310a56]
V  [jvm.dll+0x360f3e]
V  [jvm.dll+0x36117d]
V  [jvm.dll+0x2e04ec]
V  [jvm.dll+0x2de8c2]
V  [jvm.dll+0x2de05c]
V  [jvm.dll+0x320cab]
V  [jvm.dll+0x840e7d]
V  [jvm.dll+0x841bb3]
V  [jvm.dll+0x8420df]
V  [jvm.dll+0x8424c5]
V  [jvm.dll+0x84258e]
V  [jvm.dll+0x7eb17c]
V  [jvm.dll+0x683c07]
C  [ucrtbase.dll+0x2cd30]
C  [KERNEL32.DLL+0x2cd87]
C  [ntdll.dll+0xacaec]

VM_Operation (0x00000047508fb480): G1CollectForAllocation, mode: safepoint, requested by thread 0x000001b4c404e5a0


---------------  P R O C E S S  ---------------

Threads class SMR info:
_java_thread_list=0x000001b4c6b26fc0, length=64, elements={
0x000001b43c110340, 0x000001b478ea2ea0, 0x000001b478ea44e0, 0x000001b478ebd930,
0x000001b478ec0210, 0x000001b478ec2af0, 0x000001b478ec33c0, 0x000001b478ec3fc0,
0x000001b47b490040, 0x000001b47b4a0540, 0x000001b478e8e560, 0x000001b47b682eb0,
0x000001b4c23474f0, 0x000001b4c1982a70, 0x000001b4c19aab00, 0x000001b4c27194a0,
0x000001b4c2718570, 0x000001b4c27199b0, 0x000001b4c2718f90, 0x000001b4c271adf0,
0x000001b4c2719ec0, 0x000001b4c271a8e0, 0x000001b4c271a3d0, 0x000001b4c271b300,
0x000001b4c271b810, 0x000001b4c2718060, 0x000001b4c2718a80, 0x000001b4c22d2af0,
0x000001b4c22d25e0, 0x000001b4c22d1bc0, 0x000001b4c22d3000, 0x000001b4c22d3510,
0x000001b4c22d20d0, 0x000001b4c22d6cc0, 0x000001b4c22d5d90, 0x000001b4c22d62a0,
0x000001b4c22d71d0, 0x000001b4c22d76e0, 0x000001b4c22d4440, 0x000001b4c22d7bf0,
0x000001b4c22d8100, 0x000001b4c22d67b0, 0x000001b4c22d8610, 0x000001b4c22d8b20,
0x000001b4c22d9030, 0x000001b4c22d9540, 0x000001b4c404b810, 0x000001b4c404b300,
0x000001b4c40499b0, 0x000001b4c4048570, 0x000001b4c404c230, 0x000001b4c4048a80,
0x000001b4c40494a0, 0x000001b4c404c740, 0x000001b4c404cc50, 0x000001b4c404d160,
0x000001b4c404d670, 0x000001b4c4049ec0, 0x000001b4c404db80, 0x000001b4c404e090,
0x000001b4c404e5a0, 0x000001b4c404adf0, 0x000001b4c404eab0, 0x000001b4c2e55770
}

Java Threads: ( => current thread )
  0x000001b43c110340 JavaThread "main" [_thread_blocked, id=15192, stack(0x000000474c400000,0x000000474c500000)]
  0x000001b478ea2ea0 JavaThread "Reference Handler" daemon [_thread_blocked, id=6692, stack(0x000000474cb00000,0x000000474cc00000)]
  0x000001b478ea44e0 JavaThread "Finalizer" daemon [_thread_blocked, id=6344, stack(0x000000474cc00000,0x000000474cd00000)]
  0x000001b478ebd930 JavaThread "Signal Dispatcher" daemon [_thread_blocked, id=4072, stack(0x000000474cd00000,0x000000474ce00000)]
  0x000001b478ec0210 JavaThread "Attach Listener" daemon [_thread_blocked, id=15328, stack(0x000000474ce00000,0x000000474cf00000)]
  0x000001b478ec2af0 JavaThread "Service Thread" daemon [_thread_blocked, id=8176, stack(0x000000474cf00000,0x000000474d000000)]
  0x000001b478ec33c0 JavaThread "Monitor Deflation Thread" daemon [_thread_blocked, id=4400, stack(0x000000474d000000,0x000000474d100000)]
  0x000001b478ec3fc0 JavaThread "C2 CompilerThread0" daemon [_thread_blocked, id=6872, stack(0x000000474d100000,0x000000474d200000)]
  0x000001b47b490040 JavaThread "C1 CompilerThread0" daemon [_thread_blocked, id=14940, stack(0x000000474d200000,0x000000474d300000)]
  0x000001b47b4a0540 JavaThread "Sweeper thread" daemon [_thread_blocked, id=13320, stack(0x000000474d300000,0x000000474d400000)]
  0x000001b478e8e560 JavaThread "Common-Cleaner" daemon [_thread_blocked, id=12548, stack(0x000000474d400000,0x000000474d500000)]
  0x000001b47b682eb0 JavaThread "Notification Thread" daemon [_thread_blocked, id=13200, stack(0x000000474d500000,0x000000474d600000)]
  0x000001b4c23474f0 JavaThread "Daemon health stats" [_thread_blocked, id=13028, stack(0x000000474da00000,0x000000474db00000)]
  0x000001b4c1982a70 JavaThread "Incoming local TCP Connector on port 59706" [_thread_in_native, id=3964, stack(0x000000474db00000,0x000000474dc00000)]
  0x000001b4c19aab00 JavaThread "Daemon periodic checks" [_thread_blocked, id=3652, stack(0x000000474dc00000,0x000000474dd00000)]
  0x000001b4c27194a0 JavaThread "Daemon" [_thread_blocked, id=13744, stack(0x000000474dd00000,0x000000474de00000)]
  0x000001b4c2718570 JavaThread "Handler for socket connection from /127.0.0.1:59706 to /127.0.0.1:59707" [_thread_in_native, id=1832, stack(0x000000474de00000,0x000000474df00000)]
  0x000001b4c27199b0 JavaThread "Cancel handler" [_thread_blocked, id=2576, stack(0x000000474df00000,0x000000474e000000)]
  0x000001b4c2718f90 JavaThread "Daemon worker" [_thread_blocked, id=12464, stack(0x000000474e000000,0x000000474e100000)]
  0x000001b4c271adf0 JavaThread "Asynchronous log dispatcher for DefaultDaemonConnection: socket connection from /127.0.0.1:59706 to /127.0.0.1:59707" [_thread_blocked, id=8420, stack(0x000000474e100000,0x000000474e200000)]
  0x000001b4c2719ec0 JavaThread "Stdin handler" [_thread_blocked, id=1956, stack(0x000000474e200000,0x000000474e300000)]
  0x000001b4c271a8e0 JavaThread "Daemon client event forwarder" [_thread_blocked, id=3972, stack(0x000000474e300000,0x000000474e400000)]
  0x000001b4c271a3d0 JavaThread "Cache worker for journal cache (C:\Users\Administrator\.gradle\caches\journal-1)" [_thread_blocked, id=2596, stack(0x000000474c100000,0x000000474c200000)]
  0x000001b4c271b300 JavaThread "File lock request listener" [_thread_in_native, id=1604, stack(0x000000474e400000,0x000000474e500000)]
  0x000001b4c271b810 JavaThread "Cache worker for file hash cache (C:\Users\Administrator\.gradle\caches\8.9\fileHashes)" [_thread_blocked, id=13828, stack(0x000000474e500000,0x000000474e600000)]
  0x000001b4c2718060 JavaThread "Cache worker for file hash cache (C:\Projects\agvosb_cal\my_first_app\android\.gradle\8.9\fileHashes)" [_thread_blocked, id=12632, stack(0x000000474e600000,0x000000474e700000)]
  0x000001b4c2718a80 JavaThread "Cache worker for Build Output Cleanup Cache (C:\Projects\agvosb_cal\my_first_app\android\.gradle\buildOutputCleanup)" [_thread_blocked, id=15000, stack(0x000000474e700000,0x000000474e800000)]
  0x000001b4c22d2af0 JavaThread "File watcher server" daemon [_thread_in_native, id=12328, stack(0x000000474ea00000,0x000000474eb00000)]
  0x000001b4c22d25e0 JavaThread "File watcher consumer" daemon [_thread_blocked, id=2524, stack(0x000000474eb00000,0x000000474ec00000)]
  0x000001b4c22d1bc0 JavaThread "jar transforms" [_thread_blocked, id=10980, stack(0x000000474ec00000,0x000000474ed00000)]
  0x000001b4c22d3000 JavaThread "jar transforms Thread 2" [_thread_blocked, id=14176, stack(0x000000474ed00000,0x000000474ee00000)]
  0x000001b4c22d3510 JavaThread "jar transforms Thread 3" [_thread_blocked, id=2388, stack(0x000000474ee00000,0x000000474ef00000)]
  0x000001b4c22d20d0 JavaThread "Cache worker for checksums cache (C:\Projects\agvosb_cal\my_first_app\android\.gradle\8.9\checksums)" [_thread_blocked, id=3528, stack(0x000000474f000000,0x000000474f100000)]
  0x000001b4c22d6cc0 JavaThread "Cache worker for file content cache (C:\Users\Administrator\.gradle\caches\8.9\fileContent)" [_thread_blocked, id=14228, stack(0x000000474f100000,0x000000474f200000)]
  0x000001b4c22d5d90 JavaThread "Cache worker for cache directory md-rule (C:\Users\Administrator\.gradle\caches\8.9\md-rule)" [_thread_blocked, id=11116, stack(0x000000474f200000,0x000000474f300000)]
  0x000001b4c22d62a0 JavaThread "Cache worker for cache directory md-supplier (C:\Users\Administrator\.gradle\caches\8.9\md-supplier)" [_thread_blocked, id=12572, stack(0x000000474f300000,0x000000474f400000)]
  0x000001b4c22d71d0 JavaThread "jar transforms Thread 4" [_thread_blocked, id=12756, stack(0x000000474f400000,0x000000474f500000)]
  0x000001b4c22d76e0 JavaThread "Cache worker for Build Output Cleanup Cache (C:\src\flutter\packages\flutter_tools\gradle\.gradle\buildOutputCleanup)" [_thread_blocked, id=13488, stack(0x000000474c200000,0x000000474c300000)]
  0x000001b4c22d4440 JavaThread "Unconstrained build operations" [_thread_blocked, id=13512, stack(0x000000474c300000,0x000000474c400000)]
  0x000001b4c22d7bf0 JavaThread "Unconstrained build operations Thread 2" [_thread_blocked, id=156, stack(0x000000474f500000,0x000000474f600000)]
  0x000001b4c22d8100 JavaThread "Unconstrained build operations Thread 3" [_thread_blocked, id=10152, stack(0x000000474f600000,0x000000474f700000)]
  0x000001b4c22d67b0 JavaThread "Unconstrained build operations Thread 4" [_thread_blocked, id=11788, stack(0x000000474f700000,0x000000474f800000)]
  0x000001b4c22d8610 JavaThread "Unconstrained build operations Thread 5" [_thread_blocked, id=4764, stack(0x000000474f800000,0x000000474f900000)]
  0x000001b4c22d8b20 JavaThread "Unconstrained build operations Thread 6" [_thread_blocked, id=6100, stack(0x000000474f900000,0x000000474fa00000)]
  0x000001b4c22d9030 JavaThread "Unconstrained build operations Thread 7" [_thread_blocked, id=5148, stack(0x000000474fa00000,0x000000474fb00000)]
  0x000001b4c22d9540 JavaThread "Unconstrained build operations Thread 8" [_thread_blocked, id=12216, stack(0x000000474fb00000,0x000000474fc00000)]
  0x000001b4c404b810 JavaThread "Unconstrained build operations Thread 9" [_thread_blocked, id=13784, stack(0x000000474fc00000,0x000000474fd00000)]
  0x000001b4c404b300 JavaThread "Memory manager" [_thread_blocked, id=14824, stack(0x000000474fd00000,0x000000474fe00000)]
  0x000001b4c40499b0 JavaThread "build event listener" [_thread_blocked, id=1888, stack(0x000000474fe00000,0x000000474ff00000)]
  0x000001b4c4048570 JavaThread "included builds" [_thread_blocked, id=10992, stack(0x000000474e800000,0x000000474e900000)]
  0x000001b4c404c230 JavaThread "Execution worker" [_thread_blocked, id=14736, stack(0x000000474e900000,0x000000474ea00000)]
  0x000001b4c4048a80 JavaThread "Execution worker Thread 2" [_thread_blocked, id=12552, stack(0x000000474ff00000,0x0000004750000000)]
  0x000001b4c40494a0 JavaThread "Execution worker Thread 3" [_thread_blocked, id=620, stack(0x0000004750000000,0x0000004750100000)]
  0x000001b4c404c740 JavaThread "Cache worker for execution history cache (C:\src\flutter\packages\flutter_tools\gradle\.gradle\8.9\executionHistory)" [_thread_blocked, id=8900, stack(0x0000004750100000,0x0000004750200000)]
  0x000001b4c404cc50 JavaThread "Unconstrained build operations Thread 10" [_thread_blocked, id=11020, stack(0x0000004750200000,0x0000004750300000)]
  0x000001b4c404d160 JavaThread "Unconstrained build operations Thread 11" [_thread_blocked, id=11448, stack(0x0000004750300000,0x0000004750400000)]
  0x000001b4c404d670 JavaThread "Unconstrained build operations Thread 12" [_thread_blocked, id=3340, stack(0x0000004750400000,0x0000004750500000)]
  0x000001b4c4049ec0 JavaThread "Unconstrained build operations Thread 13" [_thread_blocked, id=7828, stack(0x0000004750500000,0x0000004750600000)]
  0x000001b4c404db80 JavaThread "Unconstrained build operations Thread 14" [_thread_blocked, id=14468, stack(0x0000004750600000,0x0000004750700000)]
  0x000001b4c404e090 JavaThread "Unconstrained build operations Thread 15" [_thread_blocked, id=9440, stack(0x0000004750700000,0x0000004750800000)]
  0x000001b4c404e5a0 JavaThread "Unconstrained build operations Thread 16" [_thread_blocked, id=484, stack(0x0000004750800000,0x0000004750900000)]
  0x000001b4c404adf0 JavaThread "Unconstrained build operations Thread 17" [_thread_blocked, id=9992, stack(0x0000004750900000,0x0000004750a00000)]
  0x000001b4c404eab0 JavaThread "Unconstrained build operations Thread 18" [_thread_blocked, id=6744, stack(0x0000004750a00000,0x0000004750b00000)]
  0x000001b4c2e55770 JavaThread "File lock release action executor Thread 3" [_thread_blocked, id=5912, stack(0x0000004750c00000,0x0000004750d00000)]

Other Threads:
=>0x000001b478e9ebb0 VMThread "VM Thread" [stack: 0x000000474ca00000,0x000000474cb00000] [id=4124]
  0x000001b47b5cb2e0 WatcherThread [stack: 0x000000474d600000,0x000000474d700000] [id=2904]
  0x000001b478d159b0 GCTaskThread "GC Thread#0" [stack: 0x000000474c500000,0x000000474c600000] [id=7848]
  0x000001b47b6aee10 GCTaskThread "GC Thread#1" [stack: 0x000000474d700000,0x000000474d800000] [id=9016]
  0x000001b47b69c330 GCTaskThread "GC Thread#2" [stack: 0x000000474d800000,0x000000474d900000] [id=9816]
  0x000001b4c140cc00 GCTaskThread "GC Thread#3" [stack: 0x000000474d900000,0x000000474da00000] [id=12576]
  0x000001b478d26140 ConcurrentGCThread "G1 Main Marker" [stack: 0x000000474c600000,0x000000474c700000] [id=6372]
  0x000001b478d27740 ConcurrentGCThread "G1 Conc#0" [stack: 0x000000474c700000,0x000000474c800000] [id=10544]
  0x000001b478d53700 ConcurrentGCThread "G1 Refine#0" [stack: 0x000000474c800000,0x000000474c900000] [id=6376]
  0x000001b478d54040 ConcurrentGCThread "G1 Service" [stack: 0x000000474c900000,0x000000474ca00000] [id=10216]

Threads with active compile tasks:

VM state: at safepoint (normal execution)

VM Mutex/Monitor currently owned by a thread:  ([mutex/lock_event])
[0x000001b43c10b180] Threads_lock - owner thread: 0x000001b478e9ebb0
[0x000001b43c10c0b0] Heap_lock - owner thread: 0x000001b4c404e5a0

Heap address: 0x0000000600000000, size: 8192 MB, Compressed Oops mode: Zero based, Oop shift amount: 3

CDS archive(s) mapped at: [0x000001b47c000000-0x000001b47cbb0000-0x000001b47cbb0000), size 12255232, SharedBaseAddress: 0x000001b47c000000, ArchiveRelocationMode: 1.
Compressed class space mapped at: 0x000001b47d000000-0x000001b4bd000000, reserved size: 1073741824
Narrow klass base: 0x000001b47c000000, Narrow klass shift: 0, Narrow klass range: 0x100000000

GC Precious Log:
 CPUs: 4 total, 4 available
 Memory: 3913M
 Large Page Support: Disabled
 NUMA Support: Disabled
 Compressed Oops: Enabled (Zero based)
 Heap Region Size: 4M
 Heap Min Capacity: 8M
 Heap Initial Capacity: 64M
 Heap Max Capacity: 8G
 Pre-touch: Disabled
 Parallel Workers: 4
 Concurrent Workers: 1
 Concurrent Refinement Workers: 4
 Periodic GC: Disabled

Heap:
 garbage-first heap   total 745472K, used 155633K [0x0000000600000000, 0x0000000800000000)
  region size 4096K, 3 young (12288K), 3 survivors (12288K)
 Metaspace       used 76831K, committed 77696K, reserved 1179648K
  class space    used 10542K, committed 10944K, reserved 1048576K

Heap Regions: E=young(eden), S=young(survivor), O=old, HS=humongous(starts), HC=humongous(continues), CS=collection set, F=free, OA=open archive, CA=closed archive, TAMS=top-at-mark-start (previous, next)
|   0|0x0000000600000000, 0x0000000600400000, 0x0000000600400000|100%|HS|  |TAMS 0x0000000600400000, 0x0000000600000000| Complete 
|   1|0x0000000600400000, 0x0000000600800000, 0x0000000600800000|100%| O|  |TAMS 0x0000000600800000, 0x0000000600400000| Untracked 
|   2|0x0000000600800000, 0x0000000600c00000, 0x0000000600c00000|100%| O|  |TAMS 0x0000000600c00000, 0x0000000600800000| Untracked 
|   3|0x0000000600c00000, 0x0000000601000000, 0x0000000601000000|100%| O|  |TAMS 0x0000000601000000, 0x0000000600c00000| Untracked 
|   4|0x0000000601000000, 0x0000000601400000, 0x0000000601400000|100%| O|  |TAMS 0x0000000601400000, 0x0000000601000000| Untracked 
|   5|0x0000000601400000, 0x0000000601800000, 0x0000000601800000|100%| O|  |TAMS 0x0000000601800000, 0x0000000601400000| Untracked 
|   6|0x0000000601800000, 0x0000000601c00000, 0x0000000601c00000|100%| O|  |TAMS 0x0000000601c00000, 0x0000000601800000| Untracked 
|   7|0x0000000601c00000, 0x0000000602000000, 0x0000000602000000|100%| O|  |TAMS 0x0000000602000000, 0x0000000601c00000| Untracked 
|   8|0x0000000602000000, 0x0000000602400000, 0x0000000602400000|100%| O|  |TAMS 0x0000000602400000, 0x0000000602000000| Untracked 
|   9|0x0000000602400000, 0x0000000602800000, 0x0000000602800000|100%| O|  |TAMS 0x0000000602800000, 0x0000000602400000| Untracked 
|  10|0x0000000602800000, 0x0000000602c00000, 0x0000000602c00000|100%| O|  |TAMS 0x0000000602c00000, 0x0000000602800000| Untracked 
|  11|0x0000000602c00000, 0x0000000603000000, 0x0000000603000000|100%| O|  |TAMS 0x0000000603000000, 0x0000000602c00000| Untracked 
|  12|0x0000000603000000, 0x0000000603400000, 0x0000000603400000|100%| O|  |TAMS 0x0000000603400000, 0x0000000603000000| Untracked 
|  13|0x0000000603400000, 0x0000000603800000, 0x0000000603800000|100%| O|  |TAMS 0x0000000603800000, 0x0000000603400000| Untracked 
|  14|0x0000000603800000, 0x0000000603c00000, 0x0000000603c00000|100%| O|  |TAMS 0x0000000603c00000, 0x0000000603800000| Untracked 
|  15|0x0000000603c00000, 0x0000000604000000, 0x0000000604000000|100%| O|  |TAMS 0x0000000604000000, 0x0000000603c00000| Untracked 
|  16|0x0000000604000000, 0x0000000604400000, 0x0000000604400000|100%| O|  |TAMS 0x0000000604400000, 0x0000000604000000| Untracked 
|  17|0x0000000604400000, 0x0000000604800000, 0x0000000604800000|100%|HS|  |TAMS 0x0000000604800000, 0x0000000604400000| Complete 
|  18|0x0000000604800000, 0x0000000604c00000, 0x0000000604c00000|100%|HS|  |TAMS 0x0000000604c00000, 0x0000000604800000| Complete 
|  19|0x0000000604c00000, 0x0000000605000000, 0x0000000605000000|100%|HC|  |TAMS 0x0000000605000000, 0x0000000604c00000| Complete 
|  20|0x0000000605000000, 0x0000000605400000, 0x0000000605400000|100%| O|  |TAMS 0x0000000605400000, 0x0000000605000000| Untracked 
|  21|0x0000000605400000, 0x0000000605800000, 0x0000000605800000|100%| O|  |TAMS 0x0000000605800000, 0x0000000605400000| Untracked 
|  22|0x0000000605800000, 0x0000000605c00000, 0x0000000605c00000|100%| O|  |TAMS 0x0000000605c00000, 0x0000000605800000| Untracked 
|  23|0x0000000605c00000, 0x0000000606000000, 0x0000000606000000|100%| O|  |TAMS 0x0000000606000000, 0x0000000605c00000| Untracked 
|  24|0x0000000606000000, 0x0000000606400000, 0x0000000606400000|100%| O|  |TAMS 0x0000000606400000, 0x0000000606000000| Untracked 
|  25|0x0000000606400000, 0x0000000606800000, 0x0000000606800000|100%| O|  |TAMS 0x0000000606800000, 0x0000000606400000| Untracked 
|  26|0x0000000606800000, 0x0000000606c00000, 0x0000000606c00000|100%| O|  |TAMS 0x0000000606c00000, 0x0000000606800000| Untracked 
|  27|0x0000000606c00000, 0x0000000607000000, 0x0000000607000000|100%| O|  |TAMS 0x0000000606d26a00, 0x0000000606c00000| Untracked 
|  28|0x0000000607000000, 0x0000000607400000, 0x0000000607400000|100%| O|  |TAMS 0x0000000607000000, 0x0000000607000000| Untracked 
|  29|0x0000000607400000, 0x0000000607800000, 0x0000000607800000|100%| O|  |TAMS 0x0000000607400000, 0x0000000607400000| Untracked 
|  30|0x0000000607800000, 0x0000000607c00000, 0x0000000607c00000|100%| O|  |TAMS 0x0000000607800000, 0x0000000607800000| Untracked 
|  31|0x0000000607c00000, 0x0000000608000000, 0x0000000608000000|100%| O|  |TAMS 0x0000000607c00000, 0x0000000607c00000| Untracked 
|  32|0x0000000608000000, 0x0000000608400000, 0x0000000608400000|100%| O|  |TAMS 0x0000000608000000, 0x0000000608000000| Untracked 
|  33|0x0000000608400000, 0x0000000608800000, 0x0000000608800000|100%| O|  |TAMS 0x0000000608400000, 0x0000000608400000| Untracked 
|  34|0x0000000608800000, 0x0000000608c00000, 0x0000000608c00000|100%| O|  |TAMS 0x0000000608800000, 0x0000000608800000| Untracked 
|  35|0x0000000608c00000, 0x0000000608c31800, 0x0000000609000000|  4%| O|  |TAMS 0x0000000608c00000, 0x0000000608c00000| Untracked 
|  36|0x0000000609000000, 0x0000000609000000, 0x0000000609400000|  0%| F|  |TAMS 0x0000000609000000, 0x0000000609000000| Untracked 
|  37|0x0000000609400000, 0x0000000609400000, 0x0000000609800000|  0%| F|  |TAMS 0x0000000609400000, 0x0000000609400000| Untracked 
|  38|0x0000000609800000, 0x0000000609800000, 0x0000000609c00000|  0%| F|  |TAMS 0x0000000609800000, 0x0000000609800000| Untracked 
|  39|0x0000000609c00000, 0x0000000609c00000, 0x000000060a000000|  0%| F|  |TAMS 0x0000000609c00000, 0x0000000609c00000| Untracked 
|  40|0x000000060a000000, 0x000000060a000000, 0x000000060a400000|  0%| F|  |TAMS 0x000000060a000000, 0x000000060a000000| Untracked 
|  41|0x000000060a400000, 0x000000060a400000, 0x000000060a800000|  0%| F|  |TAMS 0x000000060a400000, 0x000000060a400000| Untracked 
|  42|0x000000060a800000, 0x000000060a800000, 0x000000060ac00000|  0%| F|  |TAMS 0x000000060a800000, 0x000000060a800000| Untracked 
|  43|0x000000060ac00000, 0x000000060ac00000, 0x000000060b000000|  0%| F|  |TAMS 0x000000060ac00000, 0x000000060ac00000| Untracked 
|  44|0x000000060b000000, 0x000000060b000000, 0x000000060b400000|  0%| F|  |TAMS 0x000000060b000000, 0x000000060b000000| Untracked 
|  45|0x000000060b400000, 0x000000060b400000, 0x000000060b800000|  0%| F|  |TAMS 0x000000060b400000, 0x000000060b400000| Untracked 
|  46|0x000000060b800000, 0x000000060b800000, 0x000000060bc00000|  0%| F|  |TAMS 0x000000060b800000, 0x000000060b800000| Untracked 
|  47|0x000000060bc00000, 0x000000060bc00000, 0x000000060c000000|  0%| F|  |TAMS 0x000000060bc00000, 0x000000060bc00000| Untracked 
|  48|0x000000060c000000, 0x000000060c000000, 0x000000060c400000|  0%| F|  |TAMS 0x000000060c000000, 0x000000060c000000| Untracked 
|  49|0x000000060c400000, 0x000000060c400000, 0x000000060c800000|  0%| F|  |TAMS 0x000000060c400000, 0x000000060c400000| Untracked 
|  50|0x000000060c800000, 0x000000060c800000, 0x000000060cc00000|  0%| F|  |TAMS 0x000000060c800000, 0x000000060c800000| Untracked 
|  51|0x000000060cc00000, 0x000000060cc00000, 0x000000060d000000|  0%| F|  |TAMS 0x000000060cc00000, 0x000000060cc00000| Untracked 
|  52|0x000000060d000000, 0x000000060d000000, 0x000000060d400000|  0%| F|  |TAMS 0x000000060d000000, 0x000000060d000000| Untracked 
|  53|0x000000060d400000, 0x000000060d400000, 0x000000060d800000|  0%| F|  |TAMS 0x000000060d400000, 0x000000060d400000| Untracked 
|  54|0x000000060d800000, 0x000000060d800000, 0x000000060dc00000|  0%| F|  |TAMS 0x000000060d800000, 0x000000060d800000| Untracked 
|  55|0x000000060dc00000, 0x000000060dc00000, 0x000000060e000000|  0%| F|  |TAMS 0x000000060dc00000, 0x000000060dc00000| Untracked 
|  56|0x000000060e000000, 0x000000060e000000, 0x000000060e400000|  0%| F|  |TAMS 0x000000060e000000, 0x000000060e000000| Untracked 
|  57|0x000000060e400000, 0x000000060e400000, 0x000000060e800000|  0%| F|  |TAMS 0x000000060e400000, 0x000000060e400000| Untracked 
|  58|0x000000060e800000, 0x000000060e800000, 0x000000060ec00000|  0%| F|  |TAMS 0x000000060e800000, 0x000000060e800000| Untracked 
|  59|0x000000060ec00000, 0x000000060ec00000, 0x000000060f000000|  0%| F|  |TAMS 0x000000060ec00000, 0x000000060ec00000| Untracked 
|  60|0x000000060f000000, 0x000000060f000000, 0x000000060f400000|  0%| F|  |TAMS 0x000000060f000000, 0x000000060f000000| Untracked 
|  61|0x000000060f400000, 0x000000060f400000, 0x000000060f800000|  0%| F|  |TAMS 0x000000060f400000, 0x000000060f400000| Untracked 
|  62|0x000000060f800000, 0x000000060f800000, 0x000000060fc00000|  0%| F|  |TAMS 0x000000060f800000, 0x000000060f800000| Untracked 
|  63|0x000000060fc00000, 0x000000060fc00000, 0x0000000610000000|  0%| F|  |TAMS 0x000000060fc00000, 0x000000060fc00000| Untracked 
|  64|0x0000000610000000, 0x0000000610000000, 0x0000000610400000|  0%| F|  |TAMS 0x0000000610000000, 0x0000000610000000| Untracked 
|  65|0x0000000610400000, 0x0000000610400000, 0x0000000610800000|  0%| F|  |TAMS 0x0000000610400000, 0x0000000610400000| Untracked 
|  66|0x0000000610800000, 0x0000000610800000, 0x0000000610c00000|  0%| F|  |TAMS 0x0000000610800000, 0x0000000610800000| Untracked 
|  67|0x0000000610c00000, 0x0000000610c00000, 0x0000000611000000|  0%| F|  |TAMS 0x0000000610c00000, 0x0000000610c00000| Untracked 
|  68|0x0000000611000000, 0x0000000611000000, 0x0000000611400000|  0%| F|  |TAMS 0x0000000611000000, 0x0000000611000000| Untracked 
|  69|0x0000000611400000, 0x0000000611400000, 0x0000000611800000|  0%| F|  |TAMS 0x0000000611400000, 0x0000000611400000| Untracked 
|  70|0x0000000611800000, 0x0000000611800000, 0x0000000611c00000|  0%| F|  |TAMS 0x0000000611800000, 0x0000000611800000| Untracked 
|  71|0x0000000611c00000, 0x0000000611c00000, 0x0000000612000000|  0%| F|  |TAMS 0x0000000611c00000, 0x0000000611c00000| Untracked 
|  72|0x0000000612000000, 0x0000000612000000, 0x0000000612400000|  0%| F|  |TAMS 0x0000000612000000, 0x0000000612000000| Untracked 
|  73|0x0000000612400000, 0x0000000612400000, 0x0000000612800000|  0%| F|  |TAMS 0x0000000612400000, 0x0000000612400000| Untracked 
|  74|0x0000000612800000, 0x0000000612800000, 0x0000000612c00000|  0%| F|  |TAMS 0x0000000612800000, 0x0000000612800000| Untracked 
|  75|0x0000000612c00000, 0x0000000612c00000, 0x0000000613000000|  0%| F|  |TAMS 0x0000000612c00000, 0x0000000612c00000| Untracked 
|  76|0x0000000613000000, 0x0000000613000000, 0x0000000613400000|  0%| F|  |TAMS 0x0000000613000000, 0x0000000613000000| Untracked 
|  77|0x0000000613400000, 0x0000000613400000, 0x0000000613800000|  0%| F|  |TAMS 0x0000000613400000, 0x0000000613400000| Untracked 
|  78|0x0000000613800000, 0x0000000613800000, 0x0000000613c00000|  0%| F|  |TAMS 0x0000000613800000, 0x0000000613800000| Untracked 
|  79|0x0000000613c00000, 0x0000000613c00000, 0x0000000614000000|  0%| F|  |TAMS 0x0000000613c00000, 0x0000000613c00000| Untracked 
|  80|0x0000000614000000, 0x0000000614000000, 0x0000000614400000|  0%| F|  |TAMS 0x0000000614000000, 0x0000000614000000| Untracked 
|  81|0x0000000614400000, 0x0000000614400000, 0x0000000614800000|  0%| F|  |TAMS 0x0000000614400000, 0x0000000614400000| Untracked 
|  82|0x0000000614800000, 0x0000000614800000, 0x0000000614c00000|  0%| F|  |TAMS 0x0000000614800000, 0x0000000614800000| Untracked 
|  83|0x0000000614c00000, 0x0000000614c00000, 0x0000000615000000|  0%| F|  |TAMS 0x0000000614c00000, 0x0000000614c00000| Untracked 
|  84|0x0000000615000000, 0x0000000615000000, 0x0000000615400000|  0%| F|  |TAMS 0x0000000615000000, 0x0000000615000000| Untracked 
|  85|0x0000000615400000, 0x0000000615400000, 0x0000000615800000|  0%| F|  |TAMS 0x0000000615400000, 0x0000000615400000| Untracked 
|  86|0x0000000615800000, 0x0000000615800000, 0x0000000615c00000|  0%| F|  |TAMS 0x0000000615800000, 0x0000000615800000| Untracked 
|  87|0x0000000615c00000, 0x0000000615c00000, 0x0000000616000000|  0%| F|  |TAMS 0x0000000615c00000, 0x0000000615c00000| Untracked 
|  88|0x0000000616000000, 0x0000000616000000, 0x0000000616400000|  0%| F|  |TAMS 0x0000000616000000, 0x0000000616000000| Untracked 
|  89|0x0000000616400000, 0x0000000616400000, 0x0000000616800000|  0%| F|  |TAMS 0x0000000616400000, 0x0000000616400000| Untracked 
|  90|0x0000000616800000, 0x0000000616800000, 0x0000000616c00000|  0%| F|  |TAMS 0x0000000616800000, 0x0000000616800000| Untracked 
|  91|0x0000000616c00000, 0x0000000616c00000, 0x0000000617000000|  0%| F|  |TAMS 0x0000000616c00000, 0x0000000616c00000| Untracked 
|  92|0x0000000617000000, 0x0000000617000000, 0x0000000617400000|  0%| F|  |TAMS 0x0000000617000000, 0x0000000617000000| Untracked 
|  93|0x0000000617400000, 0x0000000617400000, 0x0000000617800000|  0%| F|  |TAMS 0x0000000617400000, 0x0000000617400000| Untracked 
|  94|0x0000000617800000, 0x0000000617800000, 0x0000000617c00000|  0%| F|  |TAMS 0x0000000617800000, 0x0000000617800000| Untracked 
|  95|0x0000000617c00000, 0x0000000617c00000, 0x0000000618000000|  0%| F|  |TAMS 0x0000000617c00000, 0x0000000617c00000| Untracked 
|  96|0x0000000618000000, 0x0000000618000000, 0x0000000618400000|  0%| F|  |TAMS 0x0000000618000000, 0x0000000618000000| Untracked 
|  97|0x0000000618400000, 0x0000000618400000, 0x0000000618800000|  0%| F|  |TAMS 0x0000000618400000, 0x0000000618400000| Untracked 
|  98|0x0000000618800000, 0x0000000618800000, 0x0000000618c00000|  0%| F|  |TAMS 0x0000000618800000, 0x0000000618800000| Untracked 
|  99|0x0000000618c00000, 0x0000000618c00000, 0x0000000619000000|  0%| F|  |TAMS 0x0000000618c00000, 0x0000000618c00000| Untracked 
| 100|0x0000000619000000, 0x0000000619000000, 0x0000000619400000|  0%| F|  |TAMS 0x0000000619000000, 0x0000000619000000| Untracked 
| 101|0x0000000619400000, 0x0000000619400000, 0x0000000619800000|  0%| F|  |TAMS 0x0000000619400000, 0x0000000619400000| Untracked 
| 102|0x0000000619800000, 0x0000000619800000, 0x0000000619c00000|  0%| F|  |TAMS 0x0000000619800000, 0x0000000619800000| Untracked 
| 103|0x0000000619c00000, 0x0000000619c00000, 0x000000061a000000|  0%| F|  |TAMS 0x0000000619c00000, 0x0000000619c00000| Untracked 
| 104|0x000000061a000000, 0x000000061a000000, 0x000000061a400000|  0%| F|  |TAMS 0x000000061a000000, 0x000000061a000000| Untracked 
| 105|0x000000061a400000, 0x000000061a400000, 0x000000061a800000|  0%| F|  |TAMS 0x000000061a400000, 0x000000061a400000| Untracked 
| 106|0x000000061a800000, 0x000000061a800000, 0x000000061ac00000|  0%| F|  |TAMS 0x000000061a800000, 0x000000061a800000| Untracked 
| 107|0x000000061ac00000, 0x000000061ac00000, 0x000000061b000000|  0%| F|  |TAMS 0x000000061ac00000, 0x000000061ac00000| Untracked 
| 108|0x000000061b000000, 0x000000061b000000, 0x000000061b400000|  0%| F|  |TAMS 0x000000061b000000, 0x000000061b000000| Untracked 
| 109|0x000000061b400000, 0x000000061b400000, 0x000000061b800000|  0%| F|  |TAMS 0x000000061b400000, 0x000000061b400000| Untracked 
| 110|0x000000061b800000, 0x000000061b800000, 0x000000061bc00000|  0%| F|  |TAMS 0x000000061b800000, 0x000000061b800000| Untracked 
| 111|0x000000061bc00000, 0x000000061bc00000, 0x000000061c000000|  0%| F|  |TAMS 0x000000061bc00000, 0x000000061bc00000| Untracked 
| 112|0x000000061c000000, 0x000000061c000000, 0x000000061c400000|  0%| F|  |TAMS 0x000000061c000000, 0x000000061c000000| Untracked 
| 113|0x000000061c400000, 0x000000061c400000, 0x000000061c800000|  0%| F|  |TAMS 0x000000061c400000, 0x000000061c400000| Untracked 
| 114|0x000000061c800000, 0x000000061c800000, 0x000000061cc00000|  0%| F|  |TAMS 0x000000061c800000, 0x000000061c800000| Untracked 
| 115|0x000000061cc00000, 0x000000061cc00000, 0x000000061d000000|  0%| F|  |TAMS 0x000000061cc00000, 0x000000061cc00000| Untracked 
| 116|0x000000061d000000, 0x000000061d000000, 0x000000061d400000|  0%| F|  |TAMS 0x000000061d000000, 0x000000061d000000| Untracked 
| 117|0x000000061d400000, 0x000000061d400000, 0x000000061d800000|  0%| F|  |TAMS 0x000000061d400000, 0x000000061d400000| Untracked 
| 118|0x000000061d800000, 0x000000061d800000, 0x000000061dc00000|  0%| F|  |TAMS 0x000000061d800000, 0x000000061d800000| Untracked 
| 119|0x000000061dc00000, 0x000000061dc00000, 0x000000061e000000|  0%| F|  |TAMS 0x000000061dc00000, 0x000000061dc00000| Untracked 
| 120|0x000000061e000000, 0x000000061e000000, 0x000000061e400000|  0%| F|  |TAMS 0x000000061e000000, 0x000000061e000000| Untracked 
| 121|0x000000061e400000, 0x000000061e400000, 0x000000061e800000|  0%| F|  |TAMS 0x000000061e400000, 0x000000061e400000| Untracked 
| 122|0x000000061e800000, 0x000000061e800000, 0x000000061ec00000|  0%| F|  |TAMS 0x000000061e800000, 0x000000061e800000| Untracked 
| 123|0x000000061ec00000, 0x000000061ec00000, 0x000000061f000000|  0%| F|  |TAMS 0x000000061ec00000, 0x000000061ec00000| Untracked 
| 124|0x000000061f000000, 0x000000061f000000, 0x000000061f400000|  0%| F|  |TAMS 0x000000061f000000, 0x000000061f000000| Untracked 
| 125|0x000000061f400000, 0x000000061f400000, 0x000000061f800000|  0%| F|  |TAMS 0x000000061f400000, 0x000000061f400000| Untracked 
| 126|0x000000061f800000, 0x000000061f800000, 0x000000061fc00000|  0%| F|  |TAMS 0x000000061f800000, 0x000000061f800000| Untracked 
| 127|0x000000061fc00000, 0x000000061fc00000, 0x0000000620000000|  0%| F|  |TAMS 0x000000061fc00000, 0x000000061fc00000| Untracked 
| 128|0x0000000620000000, 0x0000000620000000, 0x0000000620400000|  0%| F|  |TAMS 0x0000000620000000, 0x0000000620000000| Untracked 
| 129|0x0000000620400000, 0x0000000620400000, 0x0000000620800000|  0%| F|  |TAMS 0x0000000620400000, 0x0000000620400000| Untracked 
| 130|0x0000000620800000, 0x0000000620800000, 0x0000000620c00000|  0%| F|  |TAMS 0x0000000620800000, 0x0000000620800000| Untracked 
| 131|0x0000000620c00000, 0x0000000620c00000, 0x0000000621000000|  0%| F|  |TAMS 0x0000000620c00000, 0x0000000620c00000| Untracked 
| 132|0x0000000621000000, 0x0000000621000000, 0x0000000621400000|  0%| F|  |TAMS 0x0000000621000000, 0x0000000621000000| Untracked 
| 133|0x0000000621400000, 0x0000000621400000, 0x0000000621800000|  0%| F|  |TAMS 0x0000000621400000, 0x0000000621400000| Untracked 
| 134|0x0000000621800000, 0x0000000621800000, 0x0000000621c00000|  0%| F|  |TAMS 0x0000000621800000, 0x0000000621800000| Untracked 
| 135|0x0000000621c00000, 0x0000000621c00000, 0x0000000622000000|  0%| F|  |TAMS 0x0000000621c00000, 0x0000000621c00000| Untracked 
| 136|0x0000000622000000, 0x0000000622000000, 0x0000000622400000|  0%| F|  |TAMS 0x0000000622000000, 0x0000000622000000| Untracked 
| 137|0x0000000622400000, 0x0000000622400000, 0x0000000622800000|  0%| F|  |TAMS 0x0000000622400000, 0x0000000622400000| Untracked 
| 138|0x0000000622800000, 0x0000000622800000, 0x0000000622c00000|  0%| F|  |TAMS 0x0000000622800000, 0x0000000622800000| Untracked 
| 139|0x0000000622c00000, 0x0000000622c00000, 0x0000000623000000|  0%| F|  |TAMS 0x0000000622c00000, 0x0000000622c00000| Untracked 
| 140|0x0000000623000000, 0x0000000623000000, 0x0000000623400000|  0%| F|  |TAMS 0x0000000623000000, 0x0000000623000000| Untracked 
| 141|0x0000000623400000, 0x0000000623400000, 0x0000000623800000|  0%| F|  |TAMS 0x0000000623400000, 0x0000000623400000| Untracked 
| 142|0x0000000623800000, 0x0000000623800000, 0x0000000623c00000|  0%| F|  |TAMS 0x0000000623800000, 0x0000000623800000| Untracked 
| 143|0x0000000623c00000, 0x0000000623fcad00, 0x0000000624000000| 94%| S|CS|TAMS 0x0000000623c00000, 0x0000000623c00000| Complete 
| 144|0x0000000624000000, 0x0000000624400000, 0x0000000624400000|100%| S|CS|TAMS 0x0000000624000000, 0x0000000624000000| Complete 
| 145|0x0000000624400000, 0x0000000624800000, 0x0000000624800000|100%| S|CS|TAMS 0x0000000624400000, 0x0000000624400000| Complete 
| 146|0x0000000624800000, 0x0000000624800000, 0x0000000624c00000|  0%| F|  |TAMS 0x0000000624800000, 0x0000000624800000| Untracked 
| 147|0x0000000624c00000, 0x0000000624c00000, 0x0000000625000000|  0%| F|  |TAMS 0x0000000624c00000, 0x0000000624c00000| Untracked 
| 148|0x0000000625000000, 0x0000000625000000, 0x0000000625400000|  0%| F|  |TAMS 0x0000000625000000, 0x0000000625000000| Untracked 
| 149|0x0000000625400000, 0x0000000625400000, 0x0000000625800000|  0%| F|  |TAMS 0x0000000625400000, 0x0000000625400000| Untracked 
| 150|0x0000000625800000, 0x0000000625800000, 0x0000000625c00000|  0%| F|  |TAMS 0x0000000625800000, 0x0000000625800000| Untracked 
| 151|0x0000000625c00000, 0x0000000625c00000, 0x0000000626000000|  0%| F|  |TAMS 0x0000000625c00000, 0x0000000625c00000| Untracked 
| 152|0x0000000626000000, 0x0000000626000000, 0x0000000626400000|  0%| F|  |TAMS 0x0000000626000000, 0x0000000626000000| Untracked 
| 153|0x0000000626400000, 0x0000000626400000, 0x0000000626800000|  0%| F|  |TAMS 0x0000000626400000, 0x0000000626400000| Untracked 
| 154|0x0000000626800000, 0x0000000626800000, 0x0000000626c00000|  0%| F|  |TAMS 0x0000000626800000, 0x0000000626800000| Untracked 
| 155|0x0000000626c00000, 0x0000000626c00000, 0x0000000627000000|  0%| F|  |TAMS 0x0000000626c00000, 0x0000000626c00000| Untracked 
| 156|0x0000000627000000, 0x0000000627000000, 0x0000000627400000|  0%| F|  |TAMS 0x0000000627000000, 0x0000000627000000| Untracked 
| 157|0x0000000627400000, 0x0000000627400000, 0x0000000627800000|  0%| F|  |TAMS 0x0000000627400000, 0x0000000627400000| Untracked 
| 158|0x0000000627800000, 0x0000000627800000, 0x0000000627c00000|  0%| F|  |TAMS 0x0000000627800000, 0x0000000627800000| Untracked 
| 159|0x0000000627c00000, 0x0000000627c00000, 0x0000000628000000|  0%| F|  |TAMS 0x0000000627c00000, 0x0000000627c00000| Untracked 
| 160|0x0000000628000000, 0x0000000628000000, 0x0000000628400000|  0%| F|  |TAMS 0x0000000628000000, 0x0000000628000000| Untracked 
| 161|0x0000000628400000, 0x0000000628400000, 0x0000000628800000|  0%| F|  |TAMS 0x0000000628400000, 0x0000000628400000| Untracked 
| 162|0x0000000628800000, 0x0000000628800000, 0x0000000628c00000|  0%| F|  |TAMS 0x0000000628800000, 0x0000000628800000| Untracked 
| 163|0x0000000628c00000, 0x0000000628c00000, 0x0000000629000000|  0%| F|  |TAMS 0x0000000628c00000, 0x0000000628c00000| Untracked 
| 164|0x0000000629000000, 0x0000000629000000, 0x0000000629400000|  0%| F|  |TAMS 0x0000000629000000, 0x0000000629000000| Untracked 
| 165|0x0000000629400000, 0x0000000629400000, 0x0000000629800000|  0%| F|  |TAMS 0x0000000629400000, 0x0000000629400000| Untracked 
| 166|0x0000000629800000, 0x0000000629800000, 0x0000000629c00000|  0%| F|  |TAMS 0x0000000629800000, 0x0000000629800000| Untracked 
| 167|0x0000000629c00000, 0x0000000629c00000, 0x000000062a000000|  0%| F|  |TAMS 0x0000000629c00000, 0x0000000629c00000| Untracked 
| 168|0x000000062a000000, 0x000000062a000000, 0x000000062a400000|  0%| F|  |TAMS 0x000000062a000000, 0x000000062a000000| Untracked 
| 169|0x000000062a400000, 0x000000062a400000, 0x000000062a800000|  0%| F|  |TAMS 0x000000062a400000, 0x000000062a400000| Untracked 
| 170|0x000000062a800000, 0x000000062a800000, 0x000000062ac00000|  0%| F|  |TAMS 0x000000062a800000, 0x000000062a800000| Untracked 
| 171|0x000000062ac00000, 0x000000062ac00000, 0x000000062b000000|  0%| F|  |TAMS 0x000000062ac00000, 0x000000062ac00000| Untracked 
| 172|0x000000062b000000, 0x000000062b000000, 0x000000062b400000|  0%| F|  |TAMS 0x000000062b000000, 0x000000062b000000| Untracked 
| 173|0x000000062b400000, 0x000000062b400000, 0x000000062b800000|  0%| F|  |TAMS 0x000000062b400000, 0x000000062b400000| Untracked 
| 174|0x000000062b800000, 0x000000062b800000, 0x000000062bc00000|  0%| F|  |TAMS 0x000000062b800000, 0x000000062b800000| Untracked 
| 175|0x000000062bc00000, 0x000000062bc00000, 0x000000062c000000|  0%| F|  |TAMS 0x000000062bc00000, 0x000000062bc00000| Untracked 
| 176|0x000000062c000000, 0x000000062c000000, 0x000000062c400000|  0%| F|  |TAMS 0x000000062c000000, 0x000000062c000000| Untracked 
| 177|0x000000062c400000, 0x000000062c400000, 0x000000062c800000|  0%| F|  |TAMS 0x000000062c400000, 0x000000062c400000| Untracked 
| 178|0x000000062c800000, 0x000000062c800000, 0x000000062cc00000|  0%| F|  |TAMS 0x000000062c800000, 0x000000062c800000| Untracked 
| 179|0x000000062cc00000, 0x000000062cc00000, 0x000000062d000000|  0%| F|  |TAMS 0x000000062cc00000, 0x000000062cc00000| Untracked 
| 180|0x000000062d000000, 0x000000062d000000, 0x000000062d400000|  0%| F|  |TAMS 0x000000062d000000, 0x000000062d000000| Untracked 
| 181|0x000000062d400000, 0x000000062d400000, 0x000000062d800000|  0%| F|  |TAMS 0x000000062d400000, 0x000000062d400000| Untracked 

Card table byte_map: [0x000001b466cc0000,0x000001b467cc0000] _byte_map_base: 0x000001b463cc0000

Marking Bits (Prev, Next): (CMBitMap*) 0x000001b43c1bb4a0, (CMBitMap*) 0x000001b43c1bb4e0
 Prev Bits: [0x000001b468cc0000, 0x000001b470cc0000)
 Next Bits: [0x000001b470cc0000, 0x000001b478cc0000)

Polling page: 0x000001b43c1c0000

Metaspace:

Usage:
  Non-class:     64.74 MB used.
      Class:     10.30 MB used.
       Both:     75.03 MB used.

Virtual space:
  Non-class space:      128.00 MB reserved,      65.19 MB ( 51%) committed,  2 nodes.
      Class space:        1.00 GB reserved,      10.69 MB (  1%) committed,  1 nodes.
             Both:        1.12 GB reserved,      75.88 MB (  7%) committed. 

Chunk freelists:
   Non-Class:  14.20 MB
       Class:  5.34 MB
        Both:  19.55 MB

MaxMetaspaceSize: 4.00 GB
CompressedClassSpaceSize: 1.00 GB
Initial GC threshold: 21.00 MB
Current GC threshold: 125.62 MB
CDS: on
MetaspaceReclaimPolicy: balanced
 - commit_granule_bytes: 65536.
 - commit_granule_words: 8192.
 - virtual_space_node_default_size: 8388608.
 - enlarge_chunks_in_place: 1.
 - new_chunks_are_fully_committed: 0.
 - uncommit_free_chunks: 1.
 - use_allocation_guard: 0.
 - handle_deallocations: 1.


Internal statistics:

num_allocs_failed_limit: 3.
num_arena_births: 1106.
num_arena_deaths: 4.
num_vsnodes_births: 3.
num_vsnodes_deaths: 0.
num_space_committed: 1214.
num_space_uncommitted: 0.
num_chunks_returned_to_freelist: 9.
num_chunks_taken_from_freelist: 4471.
num_chunk_merges: 5.
num_chunk_splits: 2816.
num_chunks_enlarged: 1771.
num_inconsistent_stats: 0.

CodeHeap 'non-profiled nmethods': size=259264Kb used=8645Kb max_used=8645Kb free=250618Kb
 bounds [0x000001b455750000, 0x000001b455fd0000, 0x000001b465480000]
CodeHeap 'profiled nmethods': size=259264Kb used=18593Kb max_used=20188Kb free=240670Kb
 bounds [0x000001b445480000, 0x000001b446840000, 0x000001b4551b0000]
CodeHeap 'non-nmethods': size=5760Kb used=2373Kb max_used=2436Kb free=3387Kb
 bounds [0x000001b4551b0000, 0x000001b455440000, 0x000001b455750000]
 total_blobs=10513 nmethods=9611 adapters=815
 compilation: enabled
              stopped_count=0, restarted_count=0
 full_count=0

Compilation events (20 events):
Event: 370.440 Thread 0x000001b47b490040 12105   !   3       org.jetbrains.kotlin.metadata.ProtoBuf$Constructor::<init> (705 bytes)
Event: 370.450 Thread 0x000001b47b490040 nmethod 12105 0x000001b44660cd10 code [0x000001b44660d500, 0x000001b446612e98]
Event: 371.998 Thread 0x000001b478ec3fc0 12106       4       java.util.stream.AbstractPipeline::close (48 bytes)
Event: 372.000 Thread 0x000001b478ec3fc0 nmethod 12106 0x000001b455faee10 code [0x000001b455faefa0, 0x000001b455faf0f8]
Event: 372.001 Thread 0x000001b478ec3fc0 12107   !   4       java.util.stream.ReferencePipeline$7$1::accept (127 bytes)
Event: 372.030 Thread 0x000001b478ec3fc0 nmethod 12107 0x000001b455faf190 code [0x000001b455faf3a0, 0x000001b455fafa90]
Event: 372.109 Thread 0x000001b478ec3fc0 12108       4       org.jetbrains.org.objectweb.asm.ByteVector::encodeUtf8 (337 bytes)
Event: 372.148 Thread 0x000001b478ec3fc0 nmethod 12108 0x000001b455fb0110 code [0x000001b455fb02c0, 0x000001b455fb1038]
Event: 372.599 Thread 0x000001b478ec3fc0 12109       4       org.jetbrains.kotlin.incremental.impl.ExtraClassInfoGenerator::getExtraInfo (667 bytes)
Event: 373.031 Thread 0x000001b47b490040 12114       3       org.jetbrains.kotlin.metadata.ProtoBuf$TypeAlias::isInitialized (203 bytes)
Event: 373.041 Thread 0x000001b47b490040 nmethod 12114 0x000001b445715c10 code [0x000001b445715f80, 0x000001b4457175b8]
Event: 373.633 Thread 0x000001b478ec3fc0 nmethod 12109 0x000001b455fb1590 code [0x000001b455fb1d00, 0x000001b455fb9cd0]
Event: 373.634 Thread 0x000001b478ec3fc0 12110       4       org.jetbrains.kotlin.incremental.classpathDiff.impl.ExtraInfoGeneratorWithInlinedClassSnapshotting::makeClassVisitor (28 bytes)
Event: 373.639 Thread 0x000001b478ec3fc0 nmethod 12110 0x000001b455fbe910 code [0x000001b455fbeaa0, 0x000001b455fbec78]
Event: 373.639 Thread 0x000001b478ec3fc0 12112       4       org.jetbrains.kotlin.inline.InlineUtilKt::inlineFunctionsAndAccessors (256 bytes)
Event: 373.696 Thread 0x000001b478ec3fc0 nmethod 12112 0x000001b455fbed90 code [0x000001b455fbf040, 0x000001b455fbfe60]
Event: 373.697 Thread 0x000001b478ec3fc0 12111       4       org.jetbrains.kotlin.load.kotlin.header.KotlinClassHeader::getMultifileClassName (33 bytes)
Event: 373.697 Thread 0x000001b478ec3fc0 nmethod 12111 0x000001b455fc0e10 code [0x000001b455fc0fa0, 0x000001b455fc1038]
Event: 373.697 Thread 0x000001b478ec3fc0 12113       4       org.jetbrains.kotlin.incremental.KotlinClassInfo$Companion::createFrom (71 bytes)
Event: 373.707 Thread 0x000001b478ec3fc0 nmethod 12113 0x000001b455fc1110 code [0x000001b455fc12c0, 0x000001b455fc1588]

GC Heap History (20 events):
Event: 325.338 GC heap after
{Heap after GC invocations=111 (full 0):
 garbage-first heap   total 372736K, used 144370K [0x0000000600000000, 0x0000000800000000)
  region size 4096K, 4 young (16384K), 4 survivors (16384K)
 Metaspace       used 76735K, committed 77568K, reserved 1179648K
  class space    used 10540K, committed 10944K, reserved 1048576K
}
Event: 325.410 GC heap before
{Heap before GC invocations=111 (full 0):
 garbage-first heap   total 372736K, used 148466K [0x0000000600000000, 0x0000000800000000)
  region size 4096K, 5 young (20480K), 4 survivors (16384K)
 Metaspace       used 76735K, committed 77568K, reserved 1179648K
  class space    used 10540K, committed 10944K, reserved 1048576K
}
Event: 325.485 GC heap after
{Heap after GC invocations=112 (full 0):
 garbage-first heap   total 745472K, used 145038K [0x0000000600000000, 0x0000000800000000)
  region size 4096K, 1 young (4096K), 1 survivors (4096K)
 Metaspace       used 76735K, committed 77568K, reserved 1179648K
  class space    used 10540K, committed 10944K, reserved 1048576K
}
Event: 326.678 GC heap before
{Heap before GC invocations=112 (full 0):
 garbage-first heap   total 745472K, used 177806K [0x0000000600000000, 0x0000000800000000)
  region size 4096K, 9 young (36864K), 1 survivors (4096K)
 Metaspace       used 76735K, committed 77568K, reserved 1179648K
  class space    used 10540K, committed 10944K, reserved 1048576K
}
Event: 326.698 GC heap after
{Heap after GC invocations=113 (full 0):
 garbage-first heap   total 745472K, used 144241K [0x0000000600000000, 0x0000000800000000)
  region size 4096K, 1 young (4096K), 1 survivors (4096K)
 Metaspace       used 76735K, committed 77568K, reserved 1179648K
  class space    used 10540K, committed 10944K, reserved 1048576K
}
Event: 334.714 GC heap before
{Heap before GC invocations=113 (full 0):
 garbage-first heap   total 745472K, used 271217K [0x0000000600000000, 0x0000000800000000)
  region size 4096K, 32 young (131072K), 1 survivors (4096K)
 Metaspace       used 76735K, committed 77568K, reserved 1179648K
  class space    used 10540K, committed 10944K, reserved 1048576K
}
Event: 334.773 GC heap after
{Heap after GC invocations=114 (full 0):
 garbage-first heap   total 745472K, used 144846K [0x0000000600000000, 0x0000000800000000)
  region size 4096K, 1 young (4096K), 1 survivors (4096K)
 Metaspace       used 76735K, committed 77568K, reserved 1179648K
  class space    used 10540K, committed 10944K, reserved 1048576K
}
Event: 338.538 GC heap before
{Heap before GC invocations=114 (full 0):
 garbage-first heap   total 745472K, used 304590K [0x0000000600000000, 0x0000000800000000)
  region size 4096K, 40 young (163840K), 1 survivors (4096K)
 Metaspace       used 76752K, committed 77568K, reserved 1179648K
  class space    used 10541K, committed 10944K, reserved 1048576K
}
Event: 338.560 GC heap after
{Heap after GC invocations=115 (full 0):
 garbage-first heap   total 745472K, used 146553K [0x0000000600000000, 0x0000000800000000)
  region size 4096K, 2 young (8192K), 2 survivors (8192K)
 Metaspace       used 76752K, committed 77568K, reserved 1179648K
  class space    used 10541K, committed 10944K, reserved 1048576K
}
Event: 343.621 GC heap before
{Heap before GC invocations=115 (full 0):
 garbage-first heap   total 745472K, used 306297K [0x0000000600000000, 0x0000000800000000)
  region size 4096K, 41 young (167936K), 2 survivors (8192K)
 Metaspace       used 76754K, committed 77632K, reserved 1179648K
  class space    used 10542K, committed 10944K, reserved 1048576K
}
Event: 343.630 GC heap after
{Heap after GC invocations=116 (full 0):
 garbage-first heap   total 745472K, used 147591K [0x0000000600000000, 0x0000000800000000)
  region size 4096K, 2 young (8192K), 2 survivors (8192K)
 Metaspace       used 76754K, committed 77632K, reserved 1179648K
  class space    used 10542K, committed 10944K, reserved 1048576K
}
Event: 345.497 GC heap before
{Heap before GC invocations=116 (full 0):
 garbage-first heap   total 745472K, used 360583K [0x0000000600000000, 0x0000000800000000)
  region size 4096K, 54 young (221184K), 2 survivors (8192K)
 Metaspace       used 76765K, committed 77632K, reserved 1179648K
  class space    used 10542K, committed 10944K, reserved 1048576K
}
Event: 345.741 GC heap after
{Heap after GC invocations=117 (full 0):
 garbage-first heap   total 745472K, used 149517K [0x0000000600000000, 0x0000000800000000)
  region size 4096K, 2 young (8192K), 2 survivors (8192K)
 Metaspace       used 76765K, committed 77632K, reserved 1179648K
  class space    used 10542K, committed 10944K, reserved 1048576K
}
Event: 351.583 GC heap before
{Heap before GC invocations=117 (full 0):
 garbage-first heap   total 745472K, used 321549K [0x0000000600000000, 0x0000000800000000)
  region size 4096K, 44 young (180224K), 2 survivors (8192K)
 Metaspace       used 76769K, committed 77632K, reserved 1179648K
  class space    used 10542K, committed 10944K, reserved 1048576K
}
Event: 351.616 GC heap after
{Heap after GC invocations=118 (full 0):
 garbage-first heap   total 745472K, used 151416K [0x0000000600000000, 0x0000000800000000)
  region size 4096K, 3 young (12288K), 3 survivors (12288K)
 Metaspace       used 76769K, committed 77632K, reserved 1179648K
  class space    used 10542K, committed 10944K, reserved 1048576K
}
Event: 356.808 GC heap before
{Heap before GC invocations=118 (full 0):
 garbage-first heap   total 745472K, used 294776K [0x0000000600000000, 0x0000000800000000)
  region size 4096K, 39 young (159744K), 3 survivors (12288K)
 Metaspace       used 76826K, committed 77696K, reserved 1179648K
  class space    used 10542K, committed 10944K, reserved 1048576K
}
Event: 356.835 GC heap after
{Heap after GC invocations=119 (full 0):
 garbage-first heap   total 745472K, used 152626K [0x0000000600000000, 0x0000000800000000)
  region size 4096K, 3 young (12288K), 3 survivors (12288K)
 Metaspace       used 76826K, committed 77696K, reserved 1179648K
  class space    used 10542K, committed 10944K, reserved 1048576K
}
Event: 369.005 GC heap before
{Heap before GC invocations=119 (full 0):
 garbage-first heap   total 745472K, used 386098K [0x0000000600000000, 0x0000000800000000)
  region size 4096K, 60 young (245760K), 3 survivors (12288K)
 Metaspace       used 76829K, committed 77696K, reserved 1179648K
  class space    used 10542K, committed 10944K, reserved 1048576K
}
Event: 369.465 GC heap after
{Heap after GC invocations=120 (full 0):
 garbage-first heap   total 745472K, used 154698K [0x0000000600000000, 0x0000000800000000)
  region size 4096K, 4 young (16384K), 4 survivors (16384K)
 Metaspace       used 76829K, committed 77696K, reserved 1179648K
  class space    used 10542K, committed 10944K, reserved 1048576K
}
Event: 375.646 GC heap before
{Heap before GC invocations=120 (full 0):
 garbage-first heap   total 745472K, used 302154K [0x0000000600000000, 0x0000000800000000)
  region size 4096K, 40 young (163840K), 4 survivors (16384K)
 Metaspace       used 76831K, committed 77696K, reserved 1179648K
  class space    used 10542K, committed 10944K, reserved 1048576K
}

Dll operation events (15 events):
Event: 0.151 Loaded shared library C:\Program Files\Eclipse Adoptium\jdk-17.0.20.101-hotspot\bin\java.dll
Event: 0.906 Loaded shared library C:\Program Files\Eclipse Adoptium\jdk-17.0.20.101-hotspot\bin\jsvml.dll
Event: 3.056 Loaded shared library C:\Program Files\Eclipse Adoptium\jdk-17.0.20.101-hotspot\bin\zip.dll
Event: 3.231 Loaded shared library C:\Program Files\Eclipse Adoptium\jdk-17.0.20.101-hotspot\bin\instrument.dll
Event: 3.333 Loaded shared library C:\Program Files\Eclipse Adoptium\jdk-17.0.20.101-hotspot\bin\net.dll
Event: 3.478 Loaded shared library C:\Program Files\Eclipse Adoptium\jdk-17.0.20.101-hotspot\bin\nio.dll
Event: 3.486 Loaded shared library C:\Program Files\Eclipse Adoptium\jdk-17.0.20.101-hotspot\bin\zip.dll
Event: 11.657 Loaded shared library C:\Program Files\Eclipse Adoptium\jdk-17.0.20.101-hotspot\bin\jimage.dll
Event: 15.125 Loaded shared library C:\Program Files\Eclipse Adoptium\jdk-17.0.20.101-hotspot\bin\verify.dll
Event: 17.920 Loaded shared library C:\Users\Administrator\.gradle\native\c067742578af261105cb4f569cf0c3c89f3d7b1fecec35dd04571415982c5e48\windows-amd64\native-platform.dll
Event: 19.341 Loaded shared library C:\Users\Administrator\.gradle\native\100fb08df4bc3b14c8652ba06237920a3bd2aa13389f12d3474272988ae205f9\windows-amd64\native-platform-file-events.dll
Event: 39.520 Loaded shared library C:\Program Files\Eclipse Adoptium\jdk-17.0.20.101-hotspot\bin\management.dll
Event: 39.555 Loaded shared library C:\Program Files\Eclipse Adoptium\jdk-17.0.20.101-hotspot\bin\management_ext.dll
Event: 45.906 Loaded shared library C:\Program Files\Eclipse Adoptium\jdk-17.0.20.101-hotspot\bin\extnet.dll
Event: 52.693 Loaded shared library C:\Program Files\Eclipse Adoptium\jdk-17.0.20.101-hotspot\bin\sunmscapi.dll

Deoptimization events (20 events):
Event: 356.197 Thread 0x000001b4c404eab0 DEOPT PACKING pc=0x000001b4466eeaca sp=0x0000004750afaac0
Event: 356.198 Thread 0x000001b4c404eab0 DEOPT UNPACKING pc=0x000001b455207124 sp=0x0000004750afa1d0 mode 0
Event: 365.714 Thread 0x000001b4c404e5a0 Uncommon trap: trap_request=0xffffff45 fr.pc=0x000001b455ef8b88 relative=0x00000000000083a8
Event: 365.714 Thread 0x000001b4c404e5a0 Uncommon trap: reason=unstable_if action=reinterpret pc=0x000001b455ef8b88 method=org.jetbrains.org.objectweb.asm.ClassReader.accept(Lorg/jetbrains/org/objectweb/asm/ClassVisitor;[Lorg/jetbrains/org/objectweb/asm/Attribute;I)V @ 420 c2
Event: 365.714 Thread 0x000001b4c404e5a0 DEOPT PACKING pc=0x000001b455ef8b88 sp=0x00000047508fb3f0
Event: 365.714 Thread 0x000001b4c404e5a0 DEOPT UNPACKING pc=0x000001b45520699d sp=0x00000047508fb428 mode 2
Event: 365.952 Thread 0x000001b4c404e5a0 DEOPT PACKING pc=0x000001b4467d8b42 sp=0x00000047508fb2d0
Event: 365.952 Thread 0x000001b4c404e5a0 DEOPT UNPACKING pc=0x000001b455207124 sp=0x00000047508fa920 mode 0
Event: 366.627 Thread 0x000001b4c404e5a0 DEOPT PACKING pc=0x000001b4467d8b42 sp=0x00000047508fb210
Event: 366.627 Thread 0x000001b4c404e5a0 DEOPT UNPACKING pc=0x000001b455207124 sp=0x00000047508fa860 mode 0
Event: 367.147 Thread 0x000001b4c404e5a0 DEOPT PACKING pc=0x000001b4467d8b42 sp=0x00000047508fb210
Event: 367.147 Thread 0x000001b4c404e5a0 DEOPT UNPACKING pc=0x000001b455207124 sp=0x00000047508fa860 mode 0
Event: 367.478 Thread 0x000001b4c404e5a0 DEOPT PACKING pc=0x000001b4467d8b42 sp=0x00000047508fb370
Event: 367.478 Thread 0x000001b4c404e5a0 DEOPT UNPACKING pc=0x000001b455207124 sp=0x00000047508fa9c0 mode 0
Event: 367.883 Thread 0x000001b4c404e5a0 DEOPT PACKING pc=0x000001b4467d8b42 sp=0x00000047508fb370
Event: 367.883 Thread 0x000001b4c404e5a0 DEOPT UNPACKING pc=0x000001b455207124 sp=0x00000047508fa9c0 mode 0
Event: 370.339 Thread 0x000001b4c404e5a0 Uncommon trap: trap_request=0xffffff45 fr.pc=0x000001b455edbad8 relative=0x0000000000003538
Event: 370.339 Thread 0x000001b4c404e5a0 Uncommon trap: reason=unstable_if action=reinterpret pc=0x000001b455edbad8 method=org.jetbrains.kotlin.metadata.ProtoBuf$Constructor.<init>(Lorg/jetbrains/kotlin/protobuf/CodedInputStream;Lorg/jetbrains/kotlin/protobuf/ExtensionRegistryLite;)V @ 49 c2
Event: 370.339 Thread 0x000001b4c404e5a0 DEOPT PACKING pc=0x000001b455edbad8 sp=0x00000047508fb060
Event: 370.339 Thread 0x000001b4c404e5a0 DEOPT UNPACKING pc=0x000001b45520699d sp=0x00000047508fb020 mode 2

Classes loaded (20 events):
Event: 204.559 Loading class java/util/TreeMap$KeySpliterator
Event: 204.560 Loading class java/util/TreeMap$TreeMapSpliterator
Event: 204.561 Loading class java/util/TreeMap$TreeMapSpliterator done
Event: 204.561 Loading class java/util/TreeMap$KeySpliterator done
Event: 217.007 Loading class jdk/internal/access/foreign/MemorySegmentProxy
Event: 217.008 Loading class jdk/internal/access/foreign/MemorySegmentProxy done
Event: 233.628 Loading class java/time/Instant$1
Event: 233.629 Loading class java/time/Instant$1 done
Event: 254.473 Loading class java/rmi/RemoteException
Event: 254.476 Loading class java/rmi/RemoteException done
Event: 259.756 Loading class java/io/UTFDataFormatException
Event: 259.758 Loading class java/io/UTFDataFormatException done
Event: 259.774 Loading class java/lang/reflect/InaccessibleObjectException
Event: 259.774 Loading class java/lang/reflect/InaccessibleObjectException done
Event: 259.964 Loading class java/nio/channels/Channels$1
Event: 259.966 Loading class java/nio/channels/Channels$1 done
Event: 260.404 Loading class java/nio/file/StandardCopyOption
Event: 260.405 Loading class java/nio/file/StandardCopyOption done
Event: 260.407 Loading class sun/nio/fs/WindowsFileCopy
Event: 260.415 Loading class sun/nio/fs/WindowsFileCopy done

Classes unloaded (2 events):
Event: 263.085 Thread 0x000001b478e9ebb0 Unloading class 0x000001b47da60800 'java/lang/invoke/LambdaForm$DMH+0x000001b47da60800'
Event: 263.085 Thread 0x000001b478e9ebb0 Unloading class 0x000001b47da60400 'java/lang/invoke/LambdaForm$DMH+0x000001b47da60400'

Classes redefined (0 events):
No events

Internal exceptions (20 events):
Event: 202.169 Thread 0x000001b4c2718f90 Exception <a 'java/lang/NoSuchMethodError'{0x00000006059ee1f0}: 'java.lang.Object java.lang.invoke.Invokers$Holder.linkToTargetMethod(java.lang.Object, java.lang.Object, java.lang.Object, java.lang.Object, java.lang.Object, int, java.lang.Object)'> (0x00000006059ee1f0) 
thrown [s\src\hotspot\share\interpreter\linkResolver.cpp, line 759]
Event: 203.665 Thread 0x000001b4c4048570 Implicit null exception at 0x000001b455c74c87 to 0x000001b455c75d3c
Event: 203.720 Thread 0x000001b4c4048570 Exception <a 'java/lang/NoSuchMethodError'{0x0000000606a89070}: 'java.lang.Object java.lang.invoke.DirectMethodHandle$Holder.newInvokeSpecial(java.lang.Object, java.lang.Object, int, java.lang.Object, java.lang.Object)'> (0x0000000606a89070) 
thrown [s\src\hotspot\share\interpreter\linkResolver.cpp, line 759]
Event: 204.577 Thread 0x000001b4c271a8e0 Exception <a 'java/lang/NoSuchMethodError'{0x000000060756f248}: static Lorg/gradle/internal/build/event/types/DefaultTaskStartedProgressEvent;.<clinit>()V> (0x000000060756f248) 
thrown [s\src\hotspot\share\prims\jni.cpp, line 1112]
Event: 204.584 Thread 0x000001b4c271a8e0 Exception <a 'java/lang/NoSuchMethodError'{0x00000006075875d8}: static Lorg/gradle/internal/build/event/types/DefaultTaskDescriptor;.<clinit>()V> (0x00000006075875d8) 
thrown [s\src\hotspot\share\prims\jni.cpp, line 1112]
Event: 204.608 Thread 0x000001b4c271a8e0 Exception <a 'java/lang/NoSuchMethodError'{0x00000006075e02b0}: static Lorg/gradle/internal/build/event/types/DefaultTaskFinishedProgressEvent;.<clinit>()V> (0x00000006075e02b0) 
thrown [s\src\hotspot\share\prims\jni.cpp, line 1112]
Event: 204.611 Thread 0x000001b4c271a8e0 Exception <a 'java/lang/NoSuchMethodError'{0x00000006075fb6a0}: static Lorg/gradle/internal/build/event/types/DefaultTaskSkippedResult;.<clinit>()V> (0x00000006075fb6a0) 
thrown [s\src\hotspot\share\prims\jni.cpp, line 1112]
Event: 204.611 Thread 0x000001b4c271a8e0 Exception <a 'java/lang/NoSuchMethodError'{0x00000006075fca80}: static Lorg/gradle/internal/build/event/types/AbstractTaskResult;.<clinit>()V> (0x00000006075fca80) 
thrown [s\src\hotspot\share\prims\jni.cpp, line 1112]
Event: 204.627 Thread 0x000001b4c4048570 Exception <a 'java/lang/NoSuchMethodError'{0x00000006076506f8}: 'void java.lang.invoke.DirectMethodHandle$Holder.invokeSpecial(java.lang.Object, java.lang.Object, java.lang.Object, java.lang.Object, int, java.lang.Object, java.lang.Object)'> (0x00000006076506f8) 
thrown [s\src\hotspot\share\interpreter\linkResolver.cpp, line 759]
Event: 204.687 Thread 0x000001b4c4048570 Exception <a 'java/lang/NoSuchMethodError'{0x00000006077322d8}: 'void java.lang.invoke.DirectMethodHandle$Holder.invokeInterface(java.lang.Object, java.lang.Object, java.lang.Object, java.lang.Object)'> (0x00000006077322d8) 
thrown [s\src\hotspot\share\interpreter\linkResolver.cpp, line 759]
Event: 207.034 Thread 0x000001b4c4048570 Exception <a 'java/lang/NoSuchMethodError'{0x00000006071479b0}: 'int java.lang.invoke.DirectMethodHandle$Holder.invokeSpecial(java.lang.Object, java.lang.Object, java.lang.Object, java.lang.Object, java.lang.Object)'> (0x00000006071479b0) 
thrown [s\src\hotspot\share\interpreter\linkResolver.cpp, line 759]
Event: 208.453 Thread 0x000001b4c4048570 Exception <a 'java/lang/IncompatibleClassChangeError'{0x00000006072ed988}: Found class java.lang.Object, but interface was expected> (0x00000006072ed988) 
thrown [s\src\hotspot\share\interpreter\linkResolver.cpp, line 826]
Event: 215.576 Thread 0x000001b4c4048570 Exception <a 'java/lang/NoSuchMethodError'{0x0000000606782d98}: static Ljava/lang/Object;.<clinit>()V> (0x0000000606782d98) 
thrown [s\src\hotspot\share\prims\jni.cpp, line 1112]
Event: 255.164 Thread 0x000001b4c404eab0 Exception <a 'java/lang/NoSuchMethodError'{0x00000006091a4050}: 'int java.lang.invoke.DirectMethodHandle$Holder.invokeStatic(java.lang.Object, java.lang.Object, int)'> (0x00000006091a4050) 
thrown [s\src\hotspot\share\interpreter\linkResolver.cpp, line 759]
Event: 255.288 Thread 0x000001b4c404eab0 Exception <a 'java/lang/NoSuchMethodError'{0x00000006091a8198}: 'int java.lang.invoke.DirectMethodHandle$Holder.invokeStaticInit(java.lang.Object, java.lang.Object, int)'> (0x00000006091a8198) 
thrown [s\src\hotspot\share\interpreter\linkResolver.cpp, line 759]
Event: 258.729 Thread 0x000001b4c404adf0 Exception <a 'java/lang/NoSuchMethodError'{0x0000000607ef5788}: 'int java.lang.invoke.DirectMethodHandle$Holder.invokeStatic(java.lang.Object, java.lang.Object, int, int)'> (0x0000000607ef5788) 
thrown [s\src\hotspot\share\interpreter\linkResolver.cpp, line 759]
Event: 258.729 Thread 0x000001b4c404eab0 Exception <a 'java/lang/NoSuchMethodError'{0x0000000607d2e388}: 'int java.lang.invoke.DirectMethodHandle$Holder.invokeStatic(java.lang.Object, java.lang.Object, int, int)'> (0x0000000607d2e388) 
thrown [s\src\hotspot\share\interpreter\linkResolver.cpp, line 759]
Event: 258.730 Thread 0x000001b4c4048570 Exception <a 'java/lang/NoSuchMethodError'{0x0000000608ab0f90}: 'int java.lang.invoke.DirectMethodHandle$Holder.invokeStatic(java.lang.Object, java.lang.Object, int, int)'> (0x0000000608ab0f90) 
thrown [s\src\hotspot\share\interpreter\linkResolver.cpp, line 759]
Event: 278.598 Thread 0x000001b4c4048570 Exception <a 'java/lang/NoSuchMethodError'{0x000000060d799f58}: 'int java.lang.invoke.DirectMethodHandle$Holder.invokeStatic(java.lang.Object, java.lang.Object, java.lang.Object, int)'> (0x000000060d799f58) 
thrown [s\src\hotspot\share\interpreter\linkResolver.cpp, line 759]
Event: 285.992 Thread 0x000001b4c404adf0 Implicit null exception at 0x000001b455b713c8 to 0x000001b455b75638

VM Operations (20 events):
Event: 355.802 Executing VM operation: Cleanup done
Event: 356.756 Executing VM operation: G1CollectForAllocation
Event: 356.835 Executing VM operation: G1CollectForAllocation done
Event: 357.840 Executing VM operation: Cleanup
Event: 357.872 Executing VM operation: Cleanup done
Event: 361.144 Executing VM operation: HandshakeAllThreads
Event: 361.144 Executing VM operation: HandshakeAllThreads done
Event: 366.199 Executing VM operation: Cleanup
Event: 366.215 Executing VM operation: Cleanup done
Event: 368.245 Executing VM operation: Cleanup
Event: 368.245 Executing VM operation: Cleanup done
Event: 369.005 Executing VM operation: G1CollectForAllocation
Event: 369.465 Executing VM operation: G1CollectForAllocation done
Event: 370.474 Executing VM operation: Cleanup
Event: 370.521 Executing VM operation: Cleanup done
Event: 371.529 Executing VM operation: Cleanup
Event: 371.529 Executing VM operation: Cleanup done
Event: 373.535 Executing VM operation: Cleanup
Event: 373.535 Executing VM operation: Cleanup done
Event: 375.646 Executing VM operation: G1CollectForAllocation

Memory protections (0 events):
No events

Nmethod flushes (20 events):
Event: 317.702 Thread 0x000001b47b4a0540 flushing  nmethod 0x000001b4467a3810
Event: 317.702 Thread 0x000001b47b4a0540 flushing  nmethod 0x000001b4467d1590
Event: 317.702 Thread 0x000001b47b4a0540 flushing  nmethod 0x000001b4467fb990
Event: 317.702 Thread 0x000001b47b4a0540 flushing  nmethod 0x000001b446802690
Event: 346.124 Thread 0x000001b47b4a0540 flushing  nmethod 0x000001b45582a190
Event: 346.522 Thread 0x000001b47b4a0540 flushing  nmethod 0x000001b455991a90
Event: 346.522 Thread 0x000001b47b4a0540 flushing  nmethod 0x000001b455992910
Event: 346.527 Thread 0x000001b47b4a0540 flushing  nmethod 0x000001b4559c4290
Event: 346.917 Thread 0x000001b47b4a0540 flushing  nmethod 0x000001b455cee290
Event: 346.931 Thread 0x000001b47b4a0540 flushing  nmethod 0x000001b455df5510
Event: 347.167 Thread 0x000001b47b4a0540 flushing  nmethod 0x000001b445697610
Event: 347.200 Thread 0x000001b47b4a0540 flushing  nmethod 0x000001b445715c10
Event: 347.292 Thread 0x000001b47b4a0540 flushing  nmethod 0x000001b4457d6f90
Event: 349.375 Thread 0x000001b47b4a0540 flushing  nmethod 0x000001b44591b590
Event: 349.611 Thread 0x000001b47b4a0540 flushing osr nmethod 0x000001b445a5b290
Event: 349.622 Thread 0x000001b47b4a0540 flushing  nmethod 0x000001b445a85810
Event: 349.655 Thread 0x000001b47b4a0540 flushing  nmethod 0x000001b445acf990
Event: 349.655 Thread 0x000001b47b4a0540 flushing  nmethod 0x000001b445ad0090
Event: 350.323 Thread 0x000001b47b4a0540 flushing  nmethod 0x000001b4464c4f90
Event: 350.350 Thread 0x000001b47b4a0540 flushing  nmethod 0x000001b44674ab10

Events (20 events):
Event: 146.914 Thread 0x000001b4c2718f90 Thread added: 0x000001b4c404b300
Event: 169.441 Thread 0x000001b4c2718f90 Thread added: 0x000001b4c40499b0
Event: 203.603 Thread 0x000001b4c2718f90 Thread added: 0x000001b4c4048570
Event: 203.755 Thread 0x000001b4c4048570 Thread added: 0x000001b4c404c230
Event: 203.755 Thread 0x000001b4c4048570 Thread added: 0x000001b4c4048a80
Event: 203.755 Thread 0x000001b4c4048570 Thread added: 0x000001b4c40494a0
Event: 204.158 Thread 0x000001b4c4048570 Thread added: 0x000001b4c404c740
Event: 211.769 Thread 0x000001b4c4048570 Thread added: 0x000001b4c404cc50
Event: 211.781 Thread 0x000001b4c4048570 Thread added: 0x000001b4c404d160
Event: 211.782 Thread 0x000001b4c4048570 Thread added: 0x000001b4c404d670
Event: 214.739 Thread 0x000001b4c4048570 Thread added: 0x000001b4c4049ec0
Event: 214.751 Thread 0x000001b4c4048570 Thread added: 0x000001b4c404db80
Event: 214.758 Thread 0x000001b4c4048570 Thread added: 0x000001b4c404e090
Event: 248.828 Thread 0x000001b4c4048570 Thread added: 0x000001b4c404e5a0
Event: 248.829 Thread 0x000001b4c4048570 Thread added: 0x000001b4c404adf0
Event: 248.830 Thread 0x000001b4c4048570 Thread added: 0x000001b4c404eab0
Event: 285.837 Thread 0x000001b4c22d4950 Thread exited: 0x000001b4c22d4950
Event: 301.991 Thread 0x000001b4c271b300 Thread added: 0x000001b4c2e54d50
Event: 362.294 Thread 0x000001b4c2e54d50 Thread exited: 0x000001b4c2e54d50
Event: 370.987 Thread 0x000001b4c271b300 Thread added: 0x000001b4c2e55770


Dynamic libraries:
0x00007ff71e410000 - 0x00007ff71e41e000 	C:\Program Files\Eclipse Adoptium\jdk-17.0.20.101-hotspot\bin\java.exe
0x00007ffce4e00000 - 0x00007ffce5067000 	C:\WINDOWS\SYSTEM32\ntdll.dll
0x00007ffce4340000 - 0x00007ffce440b000 	C:\WINDOWS\System32\KERNEL32.DLL
0x00007ffce2410000 - 0x00007ffce2812000 	C:\WINDOWS\System32\KERNELBASE.dll
0x00007ffce22b0000 - 0x00007ffce23fc000 	C:\WINDOWS\System32\ucrtbase.dll
0x00007ffcc76b0000 - 0x00007ffcc76ce000 	C:\Program Files\Eclipse Adoptium\jdk-17.0.20.101-hotspot\bin\VCRUNTIME140.dll
0x00007ffcc5f40000 - 0x00007ffcc5f58000 	C:\Program Files\Eclipse Adoptium\jdk-17.0.20.101-hotspot\bin\jli.dll
0x00007ffce47d0000 - 0x00007ffce499f000 	C:\WINDOWS\System32\USER32.dll
0x00007ffce29b0000 - 0x00007ffce29d7000 	C:\WINDOWS\System32\win32u.dll
0x00007ffce3590000 - 0x00007ffce35bb000 	C:\WINDOWS\System32\GDI32.dll
0x00007ffce2000000 - 0x00007ffce2129000 	C:\WINDOWS\System32\gdi32full.dll
0x00007ffce29e0000 - 0x00007ffce2a83000 	C:\WINDOWS\System32\msvcp_win.dll
0x00007ffccecc0000 - 0x00007ffccef50000 	C:\WINDOWS\WinSxS\amd64_microsoft.windows.common-controls_6595b64144ccf1df_6.0.26100.9278_none_3e0d1ba8e3303201\COMCTL32.dll
0x00007ffce32b0000 - 0x00007ffce3359000 	C:\WINDOWS\System32\msvcrt.dll
0x00007ffce4ab0000 - 0x00007ffce4ae1000 	C:\WINDOWS\System32\IMM32.DLL
0x00007ffcc76a0000 - 0x00007ffcc76ac000 	C:\Program Files\Eclipse Adoptium\jdk-17.0.20.101-hotspot\bin\vcruntime140_1.dll
0x00007ffc759a0000 - 0x00007ffc75a2d000 	C:\Program Files\Eclipse Adoptium\jdk-17.0.20.101-hotspot\bin\msvcp140.dll
0x00007ffc57720000 - 0x00007ffc5838c000 	C:\Program Files\Eclipse Adoptium\jdk-17.0.20.101-hotspot\bin\server\jvm.dll
0x00007ffce4cc0000 - 0x00007ffce4d7c000 	C:\WINDOWS\System32\ADVAPI32.dll
0x00007ffce4580000 - 0x00007ffce4629000 	C:\WINDOWS\System32\sechost.dll
0x00007ffce33b0000 - 0x00007ffce34c8000 	C:\WINDOWS\System32\RPCRT4.dll
0x00007ffce2d90000 - 0x00007ffce2e10000 	C:\WINDOWS\System32\WS2_32.dll
0x00007ffce1e60000 - 0x00007ffce1ebe000 	C:\WINDOWS\SYSTEM32\POWRPROF.dll
0x00007ffcc8b10000 - 0x00007ffcc8b46000 	C:\WINDOWS\SYSTEM32\WINMM.dll
0x00007ffcd64d0000 - 0x00007ffcd64db000 	C:\WINDOWS\SYSTEM32\VERSION.dll
0x00007ffce1e40000 - 0x00007ffce1e55000 	C:\WINDOWS\SYSTEM32\UMPDC.dll
0x00007ffce0c90000 - 0x00007ffce0cab000 	C:\WINDOWS\SYSTEM32\kernel.appcore.dll
0x00007ffcc5f30000 - 0x00007ffcc5f3a000 	C:\Program Files\Eclipse Adoptium\jdk-17.0.20.101-hotspot\bin\jimage.dll
0x00007ffcdf570000 - 0x00007ffcdf7bc000 	C:\WINDOWS\SYSTEM32\DBGHELP.DLL
0x00007ffce3ef0000 - 0x00007ffce4275000 	C:\WINDOWS\System32\combase.dll
0x00007ffce4be0000 - 0x00007ffce4cb9000 	C:\WINDOWS\System32\OLEAUT32.dll
0x00007ffcc8a90000 - 0x00007ffcc8acb000 	C:\WINDOWS\SYSTEM32\dbgcore.DLL
0x00007ffce21f0000 - 0x00007ffce229c000 	C:\WINDOWS\System32\bcryptPrimitives.dll
0x00007ffcc78e0000 - 0x00007ffcc78ee000 	C:\Program Files\Eclipse Adoptium\jdk-17.0.20.101-hotspot\bin\instrument.dll
0x00007ffcc5f00000 - 0x00007ffcc5f25000 	C:\Program Files\Eclipse Adoptium\jdk-17.0.20.101-hotspot\bin\java.dll
0x00007ffc758c0000 - 0x00007ffc75997000 	C:\Program Files\Eclipse Adoptium\jdk-17.0.20.101-hotspot\bin\jsvml.dll
0x00007ffce3750000 - 0x00007ffce3ee8000 	C:\WINDOWS\System32\SHELL32.dll
0x00007ffcdfa40000 - 0x00007ffce02ee000 	C:\WINDOWS\SYSTEM32\windows.storage.dll
0x00007ffce35c0000 - 0x00007ffce36bb000 	C:\WINDOWS\System32\SHCORE.dll
0x00007ffce4af0000 - 0x00007ffce4b56000 	C:\WINDOWS\System32\shlwapi.dll
0x00007ffce1f20000 - 0x00007ffce1f49000 	C:\WINDOWS\SYSTEM32\profapi.dll
0x00007ffc758a0000 - 0x00007ffc758b8000 	C:\Program Files\Eclipse Adoptium\jdk-17.0.20.101-hotspot\bin\zip.dll
0x00007ffcc5ee0000 - 0x00007ffcc5efa000 	C:\Program Files\Eclipse Adoptium\jdk-17.0.20.101-hotspot\bin\net.dll
0x00007ffcd52e0000 - 0x00007ffcd540a000 	C:\WINDOWS\SYSTEM32\WINHTTP.dll
0x00007ffce1230000 - 0x00007ffce129c000 	C:\WINDOWS\system32\mswsock.dll
0x00007ffcc5e00000 - 0x00007ffcc5e16000 	C:\Program Files\Eclipse Adoptium\jdk-17.0.20.101-hotspot\bin\nio.dll
0x00007ffcc5ed0000 - 0x00007ffcc5ee0000 	C:\Program Files\Eclipse Adoptium\jdk-17.0.20.101-hotspot\bin\verify.dll
0x00007ffcc7920000 - 0x00007ffcc7947000 	C:\Users\Administrator\.gradle\native\c067742578af261105cb4f569cf0c3c89f3d7b1fecec35dd04571415982c5e48\windows-amd64\native-platform.dll
0x00007ffc66ea0000 - 0x00007ffc66fe4000 	C:\Users\Administrator\.gradle\native\100fb08df4bc3b14c8652ba06237920a3bd2aa13389f12d3474272988ae205f9\windows-amd64\native-platform-file-events.dll
0x00007ffc757f0000 - 0x00007ffc757fa000 	C:\Program Files\Eclipse Adoptium\jdk-17.0.20.101-hotspot\bin\management.dll
0x00007ffc757e0000 - 0x00007ffc757ec000 	C:\Program Files\Eclipse Adoptium\jdk-17.0.20.101-hotspot\bin\management_ext.dll
0x00007ffce3580000 - 0x00007ffce3588000 	C:\WINDOWS\System32\PSAPI.DLL
0x00007ffce1650000 - 0x00007ffce166b000 	C:\WINDOWS\SYSTEM32\CRYPTSP.dll
0x00007ffce0bf0000 - 0x00007ffce0c29000 	C:\WINDOWS\system32\rsaenh.dll
0x00007ffce12e0000 - 0x00007ffce1314000 	C:\WINDOWS\SYSTEM32\USERENV.dll
0x00007ffce1ef0000 - 0x00007ffce1f1a000 	C:\WINDOWS\SYSTEM32\bcrypt.dll
0x00007ffce1490000 - 0x00007ffce149c000 	C:\WINDOWS\SYSTEM32\CRYPTBASE.dll
0x00007ffce0640000 - 0x00007ffce0673000 	C:\WINDOWS\SYSTEM32\IPHLPAPI.DLL
0x00007ffce4410000 - 0x00007ffce441a000 	C:\WINDOWS\System32\NSI.dll
0x00007ffcd5530000 - 0x00007ffcd554d000 	C:\WINDOWS\SYSTEM32\dhcpcsvc6.DLL
0x00007ffcd5500000 - 0x00007ffcd5525000 	C:\WINDOWS\SYSTEM32\dhcpcsvc.DLL
0x00007ffce0730000 - 0x00007ffce0888000 	C:\WINDOWS\SYSTEM32\DNSAPI.dll
0x00007ffce1050000 - 0x00007ffce105d000 	C:\WINDOWS\SYSTEM32\DSPARSE.dll
0x00007ffcc7a30000 - 0x00007ffcc7a39000 	C:\Program Files\Eclipse Adoptium\jdk-17.0.20.101-hotspot\bin\extnet.dll
0x00007ffcddfc0000 - 0x00007ffcddfce000 	C:\Program Files\Eclipse Adoptium\jdk-17.0.20.101-hotspot\bin\sunmscapi.dll
0x00007ffce2820000 - 0x00007ffce299e000 	C:\WINDOWS\System32\CRYPT32.dll
0x00007ffce17c0000 - 0x00007ffce17f0000 	C:\WINDOWS\SYSTEM32\ncrypt.dll
0x00007ffce1770000 - 0x00007ffce17af000 	C:\WINDOWS\SYSTEM32\NTASN1.dll
0x00007ffcbe380000 - 0x00007ffcbe388000 	C:\WINDOWS\system32\wshunix.dll

dbghelp: loaded successfully - version: 4.0.5 - missing functions: none
symbol engine: initialized successfully - sym options: 0x614 - pdb path: .;C:\Program Files\Eclipse Adoptium\jdk-17.0.20.101-hotspot\bin;C:\WINDOWS\SYSTEM32;C:\WINDOWS\WinSxS\amd64_microsoft.windows.common-controls_6595b64144ccf1df_6.0.26100.9278_none_3e0d1ba8e3303201;C:\Program Files\Eclipse Adoptium\jdk-17.0.20.101-hotspot\bin\server;C:\Users\Administrator\.gradle\native\c067742578af261105cb4f569cf0c3c89f3d7b1fecec35dd04571415982c5e48\windows-amd64;C:\Users\Administrator\.gradle\native\100fb08df4bc3b14c8652ba06237920a3bd2aa13389f12d3474272988ae205f9\windows-amd64

VM Arguments:
jvm_args: -XX:MaxMetaspaceSize=4G -XX:ReservedCodeCacheSize=512m -XX:+HeapDumpOnOutOfMemoryError --add-opens=java.base/java.util=ALL-UNNAMED --add-opens=java.base/java.lang=ALL-UNNAMED --add-opens=java.base/java.lang.invoke=ALL-UNNAMED --add-opens=java.prefs/java.util.prefs=ALL-UNNAMED --add-exports=jdk.compiler/com.sun.tools.javac.api=ALL-UNNAMED --add-exports=jdk.compiler/com.sun.tools.javac.util=ALL-UNNAMED --add-opens=java.base/java.nio.charset=ALL-UNNAMED --add-opens=java.base/java.net=ALL-UNNAMED --add-opens=java.base/java.util.concurrent.atomic=ALL-UNNAMED -Xmx8G -Dfile.encoding=utf8 -Duser.country=US -Duser.language=en -Duser.variant -javaagent:C:\Users\Administrator\.gradle\wrapper\dists\gradle-8.9-bin\90cnw93cvbtalezasaz0blq0a\gradle-8.9\lib\agents\gradle-instrumentation-agent-8.9.jar 
java_command: org.gradle.launcher.daemon.bootstrap.GradleDaemon 8.9
java_class_path (initial): C:\Users\Administrator\.gradle\wrapper\dists\gradle-8.9-bin\90cnw93cvbtalezasaz0blq0a\gradle-8.9\lib\gradle-daemon-main-8.9.jar
Launcher Type: SUN_STANDARD

[Global flags]
     intx CICompilerCount                          = 3                                         {product} {ergonomic}
     uint ConcGCThreads                            = 1                                         {product} {ergonomic}
     uint G1ConcRefinementThreads                  = 4                                         {product} {ergonomic}
   size_t G1HeapRegionSize                         = 4194304                                   {product} {ergonomic}
    uintx GCDrainStackTargetSize                   = 64                                        {product} {ergonomic}
     bool HeapDumpOnOutOfMemoryError               = true                                   {manageable} {command line}
   size_t InitialHeapSize                          = 67108864                                  {product} {ergonomic}
   size_t MarkStackSize                            = 4194304                                   {product} {ergonomic}
   size_t MaxHeapSize                              = 8589934592                                {product} {command line}
   size_t MaxMetaspaceSize                         = 4294967296                                {product} {command line}
   size_t MaxNewSize                               = 5150605312                                {product} {ergonomic}
   size_t MinHeapDeltaBytes                        = 4194304                                   {product} {ergonomic}
   size_t MinHeapSize                              = 8388608                                   {product} {ergonomic}
    uintx NonNMethodCodeHeapSize                   = 5832780                                {pd product} {ergonomic}
    uintx NonProfiledCodeHeapSize                  = 265519066                              {pd product} {ergonomic}
    uintx ProfiledCodeHeapSize                     = 265519066                              {pd product} {ergonomic}
    uintx ReservedCodeCacheSize                    = 536870912                              {pd product} {command line}
     bool SegmentedCodeCache                       = true                                      {product} {ergonomic}
   size_t SoftMaxHeapSize                          = 8589934592                             {manageable} {ergonomic}
   double SweeperThreshold                         = 0.234375                                  {product} {ergonomic}
     bool UseCompressedClassPointers               = true                           {product lp64_product} {ergonomic}
     bool UseCompressedOops                        = true                           {product lp64_product} {ergonomic}
     bool UseG1GC                                  = true                                      {product} {ergonomic}
     bool UseLargePagesIndividualAllocation        = false                                  {pd product} {ergonomic}

Logging:
Log output configuration:
 #0: stdout all=warning uptime,level,tags
 #1: stderr all=off uptime,level,tags

Environment Variables:
JAVA_HOME=C:\Program Files\Eclipse Adoptium\jdk-17.0.20.101-hotspot
PATH=C:\Program Files\Eclipse Adoptium\jdk-17.0.20.101-hotspot\bin;C:\WINDOWS\system32;C:\WINDOWS;C:\WINDOWS\System32\Wbem;C:\WINDOWS\System32\WindowsPowerShell\v1.0\;C:\WINDOWS\System32\OpenSSH\;C:\MinGW\bin;C:\msys64\ucrt64\bin;C:\Program Files\nodejs\;C:\ProgramData\ComposerSetup\bin;C:\php;C:\Program Files\usbipd-win\;C:\Program Files\Git\cmd;C:\Users\Administrator\.config\herd\bin\nvm;C:\Program Files\nodejs;C:\Program Files\PowerShell\7\;C:\WINDOWS\system32;C:\WINDOWS;C:\WINDOWS\System32\Wbem;C:\WINDOWS\System32\WindowsPowerShell\v1.0\;C:\WINDOWS\System32\OpenSSH\;C:\MinGW\bin;C:\msys64\ucrt64\bin;C:\Program Files\nodejs\;C:\ProgramData\ComposerSetup\bin;C:\php;C:\Program Files\usbipd-win\;C:\Program Files\Git\cmd;C:\Users\Administrator\.config\herd\bin\nvm;C:\Program Files\nodejs;C:\Program Files\PowerShell\7\;C:\WINDOWS\system32;C:\WINDOWS;C:\WINDOWS\System32\Wbem;C:\WINDOWS\System32\WindowsPowerShell\v1.0\;C:\WINDOWS\System32\OpenSSH\;C:\MinGW\bin;C:\msys64\ucrt64\bin;C:\Program Files\nodejs\;C:\ProgramData\ComposerSetup\bin;C:\php;C:\Program Files\usbipd-win\;C:\Program Files\Git\cmd;C:\Users\Administrator\.config\herd\bin\nvm;C:\Program Files\nodejs;C:\Program Files\PowerShell\7\;C:\Users\Administrator\AppData\Local\Programs\Python\Launcher\;C:\Users\Administrator\.config\herd-lite\bin;C:\Users\Administrator\AppData\Local\Programs\Python\Python312-32\Scripts\;C:\Users\Administrator\AppData\Local\Programs\Python\Python312-32\;C:\Users\Administrator\.local\bin;C:\Users\Administrator\AppData\Local\Microsoft\WindowsApps;C:\Users\Administrator\AppData\Roaming\npm;C:\Users\Administrator\AppData\Roaming\Composer\vendor\bin;C:\Users\Administrator\AppData\Local\Programs\Microsoft VS Code\bin;C:\php\php.exe;C:\src\flutter\bin;C:\Android\Sdk\cmdline-tools\latest\bin;C:\Android\Sdk\platform-tools;C:\Android\Sdk\cmdline-tools\latest\bin;C:\Android\Sdk\platform-tools;C:\Program Files\Eclipse Adoptium\jdk-17.0.20.101-hotspot\bin;
USERNAME=AgVosb
OS=Windows_NT
PROCESSOR_IDENTIFIER=Intel64 Family 6 Model 122 Stepping 1, GenuineIntel
TMP=C:\Users\ADMINI~1\AppData\Local\Temp
TEMP=C:\Users\ADMINI~1\AppData\Local\Temp



Periodic native trim disabled


---------------  S Y S T E M  ---------------

OS:
 Windows 11 , 64 bit Build 26100 (10.0.26100.9444)
OS uptime: 0 days 0:26 hours
Hyper-V role detected

CPU: total 4 (initial active 4) (4 cores per cpu, 1 threads per core) family 6 model 122 stepping 1 microcode 0x40, cx8, cmov, fxsr, mmx, 3dnowpref, sse, sse2, sse3, ssse3, sse4.1, sse4.2, popcnt, tsc, tscinvbit, aes, erms, clmul, sha, clflush, clflushopt, hv
Processor Information for all 4 processors :
  Max Mhz: 1101, Current Mhz: 1101, Mhz Limit: 1101

Memory: 4k page, system-wide physical 3913M (66M free)
TotalPageFile size 16181M (AvailPageFile size 382M)
current process WorkingSet (physical memory assigned to process): 393M, peak: 412M
current process commit charge ("private bytes"): 1022M, peak: 1942M

vm_info: OpenJDK 64-Bit Server VM (17.0.20.1+1) for windows-amd64 JRE (17.0.20.1+1), built on Aug 18 2026 20:44:09 by "admin" with MS VC++ 17.12 (VS2022)

END.
